Dec 13 16:50:40 schang kernel: Linux version 6.8.0-49-generic (buildd@lcy02-amd64-103) (x86_64-linux-gnu-gcc-12 (Ubuntu 12.3.0-1ubuntu1~22.04) 12.3.0, GNU ld (GNU Binutils for Ubuntu) 2.38) #49~22.04.1-Ubuntu SMP PREEMPT_DYNAMIC Wed Nov  6 17:42:15 UTC 2 (Ubuntu 6.8.0-49.49~22.04.1-generic 6.8.12)
Dec 13 16:50:40 schang kernel: Command line: BOOT_IMAGE=/boot/vmlinuz-6.8.0-49-generic root=UUID=b7db8ae5-6d65-4733-995b-577ad1712f58 ro quiet splash vt.handoff=7
Dec 13 16:50:40 schang kernel: KERNEL supported cpus:
Dec 13 16:50:40 schang kernel:   Intel GenuineIntel
Dec 13 16:50:40 schang kernel:   AMD AuthenticAMD
Dec 13 16:50:40 schang kernel:   Hygon HygonGenuine
Dec 13 16:50:40 schang kernel:   Centaur CentaurHauls
Dec 13 16:50:40 schang kernel:   zhaoxin   Shanghai  
Dec 13 16:50:40 schang kernel: x86/split lock detection: #AC: crashing the kernel on kernel split_locks and warning on user-space split_locks
Dec 13 16:50:40 schang kernel: BIOS-provided physical RAM map:
Dec 13 16:50:40 schang kernel: BIOS-e820: [mem 0x0000000000000000-0x000000000009efff] usable
Dec 13 16:50:40 schang kernel: BIOS-e820: [mem 0x000000000009f000-0x00000000000fffff] reserved
Dec 13 16:50:40 schang kernel: BIOS-e820: [mem 0x0000000000100000-0x0000000040d98fff] usable
Dec 13 16:50:40 schang kernel: BIOS-e820: [mem 0x0000000040d99000-0x0000000041698fff] reserved
Dec 13 16:50:40 schang kernel: BIOS-e820: [mem 0x0000000041699000-0x00000000434aefff] usable
Dec 13 16:50:40 schang kernel: BIOS-e820: [mem 0x00000000434af000-0x00000000452fefff] reserved
Dec 13 16:50:40 schang kernel: BIOS-e820: [mem 0x00000000452ff000-0x0000000045b2efff] ACPI NVS
Dec 13 16:50:40 schang kernel: BIOS-e820: [mem 0x0000000045b2f000-0x0000000045bfefff] ACPI data
Dec 13 16:50:40 schang kernel: BIOS-e820: [mem 0x0000000045bff000-0x0000000045bfffff] usable
Dec 13 16:50:40 schang kernel: BIOS-e820: [mem 0x0000000045c00000-0x0000000049ffffff] reserved
Dec 13 16:50:40 schang kernel: BIOS-e820: [mem 0x000000004a300000-0x000000004a3fffff] reserved
Dec 13 16:50:40 schang kernel: BIOS-e820: [mem 0x000000004b000000-0x00000000503fffff] reserved
Dec 13 16:50:40 schang kernel: BIOS-e820: [mem 0x00000000c0000000-0x00000000cfffffff] reserved
Dec 13 16:50:40 schang kernel: BIOS-e820: [mem 0x00000000fe010000-0x00000000fe010fff] reserved
Dec 13 16:50:40 schang kernel: BIOS-e820: [mem 0x00000000fed20000-0x00000000fed7ffff] reserved
Dec 13 16:50:40 schang kernel: BIOS-e820: [mem 0x00000000ff400000-0x00000000ffffffff] reserved
Dec 13 16:50:40 schang kernel: BIOS-e820: [mem 0x0000000100000000-0x00000008afbfffff] usable
Dec 13 16:50:40 schang kernel: NX (Execute Disable) protection: active
Dec 13 16:50:40 schang kernel: APIC: Static calls initialized
Dec 13 16:50:40 schang kernel: efi: EFI v2.7 by INSYDE Corp.
Dec 13 16:50:40 schang kernel: efi: ACPI=0x45bfe000 ACPI 2.0=0x45bfe014 TPMFinalLog=0x45ac5000 SMBIOS=0x439e6000 SMBIOS 3.0=0x439e4000 MEMATTR=0x3d713018 ESRT=0x3e1a0418 MOKvar=0x43988000 RNG=0x45b6a018 TPMEventLog=0x3d70a018 
Dec 13 16:50:40 schang kernel: random: crng init done
Dec 13 16:50:40 schang kernel: efi: Remove mem75: MMIO range=[0xc0000000-0xcfffffff] (256MB) from e820 map
Dec 13 16:50:40 schang kernel: e820: remove [mem 0xc0000000-0xcfffffff] reserved
Dec 13 16:50:40 schang kernel: efi: Not removing mem76: MMIO range=[0xfe010000-0xfe010fff] (4KB) from e820 map
Dec 13 16:50:40 schang kernel: efi: Remove mem78: MMIO range=[0xff400000-0xffffffff] (12MB) from e820 map
Dec 13 16:50:40 schang kernel: e820: remove [mem 0xff400000-0xffffffff] reserved
Dec 13 16:50:40 schang kernel: secureboot: Secure boot disabled
Dec 13 16:50:40 schang kernel: SMBIOS 3.3.0 present.
Dec 13 16:50:40 schang kernel: DMI: Framework Laptop/FRANBMCP0B, BIOS 03.20 06/03/2024
Dec 13 16:50:40 schang kernel: tsc: Detected 2800.000 MHz processor
Dec 13 16:50:40 schang kernel: tsc: Detected 2803.200 MHz TSC
Dec 13 16:50:40 schang kernel: e820: update [mem 0x00000000-0x00000fff] usable ==> reserved
Dec 13 16:50:40 schang kernel: e820: remove [mem 0x000a0000-0x000fffff] usable
Dec 13 16:50:40 schang kernel: last_pfn = 0x8afc00 max_arch_pfn = 0x400000000
Dec 13 16:50:40 schang kernel: MTRR map: 5 entries (3 fixed + 2 variable; max 23), built from 10 variable MTRRs
Dec 13 16:50:40 schang kernel: x86/PAT: Configuration [0-7]: WB  WC  UC- UC  WB  WP  UC- WT  
Dec 13 16:50:40 schang kernel: last_pfn = 0x45c00 max_arch_pfn = 0x400000000
Dec 13 16:50:40 schang kernel: esrt: Reserving ESRT space from 0x000000003e1a0418 to 0x000000003e1a04a0.
Dec 13 16:50:40 schang kernel: e820: update [mem 0x3e1a0000-0x3e1a0fff] usable ==> reserved
Dec 13 16:50:40 schang kernel: Using GB pages for direct mapping
Dec 13 16:50:40 schang kernel: secureboot: Secure boot disabled
Dec 13 16:50:40 schang kernel: RAMDISK: [mem 0x383ef000-0x3c89afff]
Dec 13 16:50:40 schang kernel: ACPI: Early table checksum verification disabled
Dec 13 16:50:40 schang kernel: ACPI: RSDP 0x0000000045BFE014 000024 (v02 INSYDE)
Dec 13 16:50:40 schang kernel: ACPI: XSDT 0x0000000045BD1188 000104 (v01 INSYDE TGL-ULT  00000002      01000013)
Dec 13 16:50:40 schang kernel: ACPI: FACP 0x0000000045BD4000 000114 (v06 INSYDE TGL-ULT  00000002 ACPI 00040000)
Dec 13 16:50:40 schang kernel: ACPI: DSDT 0x0000000045B78000 058119 (v02 INSYDE TGL-ULT  00000002 ACPI 00040000)
Dec 13 16:50:40 schang kernel: ACPI: FACS 0x0000000045AA1000 000040
Dec 13 16:50:40 schang kernel: ACPI: UEFI 0x0000000045B2E000 000236 (v01 INSYDE TGL-ULT  00000001 ACPI 00040000)
Dec 13 16:50:40 schang kernel: ACPI: SSDT 0x0000000045BFA000 00255C (v02 CpuRef CpuSsdt  00003000 INTL 20160422)
Dec 13 16:50:40 schang kernel: ACPI: SSDT 0x0000000045BF6000 0033A6 (v02 DptfTb DptfTabl 00001000 INTL 20160422)
Dec 13 16:50:40 schang kernel: ACPI: SSDT 0x0000000045BF2000 003034 (v02 SaSsdt SaSsdt   00003000 INTL 20160422)
Dec 13 16:50:40 schang kernel: ACPI: SSDT 0x0000000045BEE000 003300 (v02 INTEL  IgfxSsdt 00003000 INTL 20160422)
Dec 13 16:50:40 schang kernel: ACPI: SSDT 0x0000000045BE2000 00B425 (v02 INTEL  TcssSsdt 00001000 INTL 20160422)
Dec 13 16:50:40 schang kernel: ACPI: SSDT 0x0000000045BE1000 00077B (v02 INSYDE Tpm2Tabl 00001000 INTL 20160422)
Dec 13 16:50:40 schang kernel: ACPI: TPM2 0x0000000045BE0000 00004C (v04 INSYDE TGL-ULT  00000002 ACPI 00040000)
Dec 13 16:50:40 schang kernel: ACPI: NHLT 0x0000000045BDE000 0002E1 (v00 INSYDE TGL-ULT  00000002 ACPI 00040000)
Dec 13 16:50:40 schang kernel: ACPI: SSDT 0x0000000045BDC000 0011FB (v02 INSYDE UsbCTabl 00001000 INTL 20160422)
Dec 13 16:50:40 schang kernel: ACPI: LPIT 0x0000000045BDB000 0000CC (v01 INSYDE TGL-ULT  00000002 ACPI 00040000)
Dec 13 16:50:40 schang kernel: ACPI: WSMT 0x0000000045BDA000 000028 (v01 INSYDE TGL-ULT  00000002 ACPI 00040000)
Dec 13 16:50:40 schang kernel: ACPI: SSDT 0x0000000045BD9000 000B2E (v02 INSYDE PtidDevc 00001000 INTL 20160422)
Dec 13 16:50:40 schang kernel: ACPI: SSDT 0x0000000045BD8000 00012A (v02 INSYDE TbtTypeC 00000000 INTL 20160422)
Dec 13 16:50:40 schang kernel: ACPI: DBGP 0x0000000045BD7000 000034 (v01 INSYDE TGL-ULT  00000002 ACPI 00040000)
Dec 13 16:50:40 schang kernel: ACPI: DBG2 0x0000000045BD6000 000054 (v00 INSYDE TGL-ULT  00000002 ACPI 00040000)
Dec 13 16:50:40 schang kernel: ACPI: ECDT 0x0000000045BD5000 000069 (v01 INSYDE TGL-ULT  00000002 ACPI 00040000)
Dec 13 16:50:40 schang kernel: ACPI: HPET 0x0000000045BD3000 000038 (v01 INSYDE TGL-ULT  00000002 ACPI 00040000)
Dec 13 16:50:40 schang kernel: ACPI: APIC 0x0000000045BD2000 00012C (v04 INSYDE TGL-ULT  00000002 ACPI 00040000)
Dec 13 16:50:40 schang kernel: ACPI: SSDT 0x0000000045B71000 006672 (v02 INSYDE TGL-ULT  00000002      01000013)
Dec 13 16:50:40 schang kernel: ACPI: DMAR 0x0000000045BFD000 0000E8 (v02 INSYDE TGL-ULT  00000002 ACPI 00040000)
Dec 13 16:50:40 schang kernel: ACPI: SSDT 0x0000000045B70000 0008C1 (v02 INTEL  xh_tudd4 00000000 INTL 20160422)
Dec 13 16:50:40 schang kernel: ACPI: MCFG 0x0000000045B6F000 00003C (v01 INSYDE TGL-ULT  00000001 ACPI 00040000)
Dec 13 16:50:40 schang kernel: ACPI: SSDT 0x0000000045B6E000 0000F8 (v01 INSYDE PcdTabl  00001000 INTL 20160422)
Dec 13 16:50:40 schang kernel: ACPI: FPDT 0x0000000045B6D000 000044 (v01 INSYDE TGL-ULT  00000002 ACPI 00040000)
Dec 13 16:50:40 schang kernel: ACPI: PTDT 0x0000000045B6B000 000CFE (v00 INSYDE TGL-ULT  00000005 ACPI 00040000)
Dec 13 16:50:40 schang kernel: ACPI: BGRT 0x0000000045B6C000 000038 (v01 INSYDE TGL-ULT  00000001 ACPI 00040000)
Dec 13 16:50:40 schang kernel: ACPI: Reserving FACP table memory at [mem 0x45bd4000-0x45bd4113]
Dec 13 16:50:40 schang kernel: ACPI: Reserving DSDT table memory at [mem 0x45b78000-0x45bd0118]
Dec 13 16:50:40 schang kernel: ACPI: Reserving FACS table memory at [mem 0x45aa1000-0x45aa103f]
Dec 13 16:50:40 schang kernel: ACPI: Reserving UEFI table memory at [mem 0x45b2e000-0x45b2e235]
Dec 13 16:50:40 schang kernel: ACPI: Reserving SSDT table memory at [mem 0x45bfa000-0x45bfc55b]
Dec 13 16:50:40 schang kernel: ACPI: Reserving SSDT table memory at [mem 0x45bf6000-0x45bf93a5]
Dec 13 16:50:40 schang kernel: ACPI: Reserving SSDT table memory at [mem 0x45bf2000-0x45bf5033]
Dec 13 16:50:40 schang kernel: ACPI: Reserving SSDT table memory at [mem 0x45bee000-0x45bf12ff]
Dec 13 16:50:40 schang kernel: ACPI: Reserving SSDT table memory at [mem 0x45be2000-0x45bed424]
Dec 13 16:50:40 schang kernel: ACPI: Reserving SSDT table memory at [mem 0x45be1000-0x45be177a]
Dec 13 16:50:40 schang kernel: ACPI: Reserving TPM2 table memory at [mem 0x45be0000-0x45be004b]
Dec 13 16:50:40 schang kernel: ACPI: Reserving NHLT table memory at [mem 0x45bde000-0x45bde2e0]
Dec 13 16:50:40 schang kernel: ACPI: Reserving SSDT table memory at [mem 0x45bdc000-0x45bdd1fa]
Dec 13 16:50:40 schang kernel: ACPI: Reserving LPIT table memory at [mem 0x45bdb000-0x45bdb0cb]
Dec 13 16:50:40 schang kernel: ACPI: Reserving WSMT table memory at [mem 0x45bda000-0x45bda027]
Dec 13 16:50:40 schang kernel: ACPI: Reserving SSDT table memory at [mem 0x45bd9000-0x45bd9b2d]
Dec 13 16:50:40 schang kernel: ACPI: Reserving SSDT table memory at [mem 0x45bd8000-0x45bd8129]
Dec 13 16:50:40 schang kernel: ACPI: Reserving DBGP table memory at [mem 0x45bd7000-0x45bd7033]
Dec 13 16:50:40 schang kernel: ACPI: Reserving DBG2 table memory at [mem 0x45bd6000-0x45bd6053]
Dec 13 16:50:40 schang kernel: ACPI: Reserving ECDT table memory at [mem 0x45bd5000-0x45bd5068]
Dec 13 16:50:40 schang kernel: ACPI: Reserving HPET table memory at [mem 0x45bd3000-0x45bd3037]
Dec 13 16:50:40 schang kernel: ACPI: Reserving APIC table memory at [mem 0x45bd2000-0x45bd212b]
Dec 13 16:50:40 schang kernel: ACPI: Reserving SSDT table memory at [mem 0x45b71000-0x45b77671]
Dec 13 16:50:40 schang kernel: ACPI: Reserving DMAR table memory at [mem 0x45bfd000-0x45bfd0e7]
Dec 13 16:50:40 schang kernel: ACPI: Reserving SSDT table memory at [mem 0x45b70000-0x45b708c0]
Dec 13 16:50:40 schang kernel: ACPI: Reserving MCFG table memory at [mem 0x45b6f000-0x45b6f03b]
Dec 13 16:50:40 schang kernel: ACPI: Reserving SSDT table memory at [mem 0x45b6e000-0x45b6e0f7]
Dec 13 16:50:40 schang kernel: ACPI: Reserving FPDT table memory at [mem 0x45b6d000-0x45b6d043]
Dec 13 16:50:40 schang kernel: ACPI: Reserving PTDT table memory at [mem 0x45b6b000-0x45b6bcfd]
Dec 13 16:50:40 schang kernel: ACPI: Reserving BGRT table memory at [mem 0x45b6c000-0x45b6c037]
Dec 13 16:50:40 schang kernel: No NUMA configuration found
Dec 13 16:50:40 schang kernel: Faking a node at [mem 0x0000000000000000-0x00000008afbfffff]
Dec 13 16:50:40 schang kernel: NODE_DATA(0) allocated [mem 0x8afbd5000-0x8afbfffff]
Dec 13 16:50:40 schang kernel: Zone ranges:
Dec 13 16:50:40 schang kernel:   DMA      [mem 0x0000000000001000-0x0000000000ffffff]
Dec 13 16:50:40 schang kernel:   DMA32    [mem 0x0000000001000000-0x00000000ffffffff]
Dec 13 16:50:40 schang kernel:   Normal   [mem 0x0000000100000000-0x00000008afbfffff]
Dec 13 16:50:40 schang kernel:   Device   empty
Dec 13 16:50:40 schang kernel: Movable zone start for each node
Dec 13 16:50:40 schang kernel: Early memory node ranges
Dec 13 16:50:40 schang kernel:   node   0: [mem 0x0000000000001000-0x000000000009efff]
Dec 13 16:50:40 schang kernel:   node   0: [mem 0x0000000000100000-0x0000000040d98fff]
Dec 13 16:50:40 schang kernel:   node   0: [mem 0x0000000041699000-0x00000000434aefff]
Dec 13 16:50:40 schang kernel:   node   0: [mem 0x0000000045bff000-0x0000000045bfffff]
Dec 13 16:50:40 schang kernel:   node   0: [mem 0x0000000100000000-0x00000008afbfffff]
Dec 13 16:50:40 schang kernel: Initmem setup node 0 [mem 0x0000000000001000-0x00000008afbfffff]
Dec 13 16:50:40 schang kernel: On node 0, zone DMA: 1 pages in unavailable ranges
Dec 13 16:50:40 schang kernel: On node 0, zone DMA: 97 pages in unavailable ranges
Dec 13 16:50:40 schang kernel: On node 0, zone DMA32: 2304 pages in unavailable ranges
Dec 13 16:50:40 schang kernel: On node 0, zone DMA32: 10064 pages in unavailable ranges
Dec 13 16:50:40 schang kernel: On node 0, zone Normal: 9216 pages in unavailable ranges
Dec 13 16:50:40 schang kernel: On node 0, zone Normal: 1024 pages in unavailable ranges
Dec 13 16:50:40 schang kernel: Reserving Intel graphics memory at [mem 0x4c800000-0x503fffff]
Dec 13 16:50:40 schang kernel: ACPI: PM-Timer IO Port: 0x1808
Dec 13 16:50:40 schang kernel: ACPI: LAPIC_NMI (acpi_id[0x01] high edge lint[0x1])
Dec 13 16:50:40 schang kernel: ACPI: LAPIC_NMI (acpi_id[0x02] high edge lint[0x1])
Dec 13 16:50:40 schang kernel: ACPI: LAPIC_NMI (acpi_id[0x03] high edge lint[0x1])
Dec 13 16:50:40 schang kernel: ACPI: LAPIC_NMI (acpi_id[0x04] high edge lint[0x1])
Dec 13 16:50:40 schang kernel: ACPI: LAPIC_NMI (acpi_id[0x05] high edge lint[0x1])
Dec 13 16:50:40 schang kernel: ACPI: LAPIC_NMI (acpi_id[0x06] high edge lint[0x1])
Dec 13 16:50:40 schang kernel: ACPI: LAPIC_NMI (acpi_id[0x07] high edge lint[0x1])
Dec 13 16:50:40 schang kernel: ACPI: LAPIC_NMI (acpi_id[0x08] high edge lint[0x1])
Dec 13 16:50:40 schang kernel: ACPI: LAPIC_NMI (acpi_id[0x09] high edge lint[0x1])
Dec 13 16:50:40 schang kernel: ACPI: LAPIC_NMI (acpi_id[0x0a] high edge lint[0x1])
Dec 13 16:50:40 schang kernel: ACPI: LAPIC_NMI (acpi_id[0x0b] high edge lint[0x1])
Dec 13 16:50:40 schang kernel: ACPI: LAPIC_NMI (acpi_id[0x0c] high edge lint[0x1])
Dec 13 16:50:40 schang kernel: ACPI: LAPIC_NMI (acpi_id[0x0d] high edge lint[0x1])
Dec 13 16:50:40 schang kernel: ACPI: LAPIC_NMI (acpi_id[0x0e] high edge lint[0x1])
Dec 13 16:50:40 schang kernel: ACPI: LAPIC_NMI (acpi_id[0x0f] high edge lint[0x1])
Dec 13 16:50:40 schang kernel: ACPI: LAPIC_NMI (acpi_id[0x10] high edge lint[0x1])
Dec 13 16:50:40 schang kernel: IOAPIC[0]: apic_id 2, version 32, address 0xfec00000, GSI 0-119
Dec 13 16:50:40 schang kernel: ACPI: INT_SRC_OVR (bus 0 bus_irq 0 global_irq 2 dfl dfl)
Dec 13 16:50:40 schang kernel: ACPI: INT_SRC_OVR (bus 0 bus_irq 9 global_irq 9 high level)
Dec 13 16:50:40 schang kernel: ACPI: Using ACPI (MADT) for SMP configuration information
Dec 13 16:50:40 schang kernel: ACPI: HPET id: 0x8086a201 base: 0xfed00000
Dec 13 16:50:40 schang kernel: e820: update [mem 0x3d71d000-0x3d76bfff] usable ==> reserved
Dec 13 16:50:40 schang kernel: TSC deadline timer available
Dec 13 16:50:40 schang kernel: smpboot: Allowing 8 CPUs, 0 hotplug CPUs
Dec 13 16:50:40 schang kernel: PM: hibernation: Registered nosave memory: [mem 0x00000000-0x00000fff]
Dec 13 16:50:40 schang kernel: PM: hibernation: Registered nosave memory: [mem 0x0009f000-0x000fffff]
Dec 13 16:50:40 schang kernel: PM: hibernation: Registered nosave memory: [mem 0x3d71d000-0x3d76bfff]
Dec 13 16:50:40 schang kernel: PM: hibernation: Registered nosave memory: [mem 0x3e1a0000-0x3e1a0fff]
Dec 13 16:50:40 schang kernel: PM: hibernation: Registered nosave memory: [mem 0x40d99000-0x41698fff]
Dec 13 16:50:40 schang kernel: PM: hibernation: Registered nosave memory: [mem 0x434af000-0x452fefff]
Dec 13 16:50:40 schang kernel: PM: hibernation: Registered nosave memory: [mem 0x452ff000-0x45b2efff]
Dec 13 16:50:40 schang kernel: PM: hibernation: Registered nosave memory: [mem 0x45b2f000-0x45bfefff]
Dec 13 16:50:40 schang kernel: PM: hibernation: Registered nosave memory: [mem 0x45c00000-0x49ffffff]
Dec 13 16:50:40 schang kernel: PM: hibernation: Registered nosave memory: [mem 0x4a000000-0x4a2fffff]
Dec 13 16:50:40 schang kernel: PM: hibernation: Registered nosave memory: [mem 0x4a300000-0x4a3fffff]
Dec 13 16:50:40 schang kernel: PM: hibernation: Registered nosave memory: [mem 0x4a400000-0x4affffff]
Dec 13 16:50:40 schang kernel: PM: hibernation: Registered nosave memory: [mem 0x4b000000-0x503fffff]
Dec 13 16:50:40 schang kernel: PM: hibernation: Registered nosave memory: [mem 0x50400000-0xfe00ffff]
Dec 13 16:50:40 schang kernel: PM: hibernation: Registered nosave memory: [mem 0xfe010000-0xfe010fff]
Dec 13 16:50:40 schang kernel: PM: hibernation: Registered nosave memory: [mem 0xfe011000-0xfed1ffff]
Dec 13 16:50:40 schang kernel: PM: hibernation: Registered nosave memory: [mem 0xfed20000-0xfed7ffff]
Dec 13 16:50:40 schang kernel: PM: hibernation: Registered nosave memory: [mem 0xfed80000-0xffffffff]
Dec 13 16:50:40 schang kernel: [mem 0x50400000-0xfe00ffff] available for PCI devices
Dec 13 16:50:40 schang kernel: Booting paravirtualized kernel on bare hardware
Dec 13 16:50:40 schang kernel: clocksource: refined-jiffies: mask: 0xffffffff max_cycles: 0xffffffff, max_idle_ns: 1910969940391419 ns
Dec 13 16:50:40 schang kernel: setup_percpu: NR_CPUS:8192 nr_cpumask_bits:8 nr_cpu_ids:8 nr_node_ids:1
Dec 13 16:50:40 schang kernel: percpu: Embedded 86 pages/cpu s229376 r8192 d114688 u524288
Dec 13 16:50:40 schang kernel: pcpu-alloc: s229376 r8192 d114688 u524288 alloc=1*2097152
Dec 13 16:50:40 schang kernel: pcpu-alloc: [0] 0 1 2 3 [0] 4 5 6 7 
Dec 13 16:50:40 schang kernel: Kernel command line: BOOT_IMAGE=/boot/vmlinuz-6.8.0-49-generic root=UUID=b7db8ae5-6d65-4733-995b-577ad1712f58 ro quiet splash vt.handoff=7
Dec 13 16:50:40 schang kernel: Unknown kernel command line parameters "splash BOOT_IMAGE=/boot/vmlinuz-6.8.0-49-generic", will be passed to user space.
Dec 13 16:50:40 schang kernel: Dentry cache hash table entries: 4194304 (order: 13, 33554432 bytes, linear)
Dec 13 16:50:40 schang kernel: Inode-cache hash table entries: 2097152 (order: 12, 16777216 bytes, linear)
Dec 13 16:50:40 schang kernel: Fallback order for Node 0: 0 
Dec 13 16:50:40 schang kernel: Built 1 zonelists, mobility grouping on.  Total pages: 8202769
Dec 13 16:50:40 schang kernel: Policy zone: Normal
Dec 13 16:50:40 schang kernel: mem auto-init: stack:all(zero), heap alloc:on, heap free:off
Dec 13 16:50:40 schang kernel: software IO TLB: area num 8.
Dec 13 16:50:40 schang kernel: Memory: 32495464K/33332536K available (22528K kernel code, 4438K rwdata, 13900K rodata, 4972K init, 4740K bss, 836812K reserved, 0K cma-reserved)
Dec 13 16:50:40 schang kernel: SLUB: HWalign=64, Order=0-3, MinObjects=0, CPUs=8, Nodes=1
Dec 13 16:50:40 schang kernel: ftrace: allocating 57907 entries in 227 pages
Dec 13 16:50:40 schang kernel: ftrace: allocated 227 pages with 5 groups
Dec 13 16:50:40 schang kernel: Dynamic Preempt: voluntary
Dec 13 16:50:40 schang kernel: rcu: Preemptible hierarchical RCU implementation.
Dec 13 16:50:40 schang kernel: rcu:         RCU restricting CPUs from NR_CPUS=8192 to nr_cpu_ids=8.
Dec 13 16:50:40 schang kernel:         Trampoline variant of Tasks RCU enabled.
Dec 13 16:50:40 schang kernel:         Rude variant of Tasks RCU enabled.
Dec 13 16:50:40 schang kernel:         Tracing variant of Tasks RCU enabled.
Dec 13 16:50:40 schang kernel: rcu: RCU calculated value of scheduler-enlistment delay is 100 jiffies.
Dec 13 16:50:40 schang kernel: rcu: Adjusting geometry for rcu_fanout_leaf=16, nr_cpu_ids=8
Dec 13 16:50:40 schang kernel: NR_IRQS: 524544, nr_irqs: 2048, preallocated irqs: 16
Dec 13 16:50:40 schang kernel: rcu: srcu_init: Setting srcu_struct sizes based on contention.
Dec 13 16:50:40 schang kernel: Console: colour dummy device 80x25
Dec 13 16:50:40 schang kernel: printk: legacy console [tty0] enabled
Dec 13 16:50:40 schang kernel: ACPI: Core revision 20230628
Dec 13 16:50:40 schang kernel: hpet: HPET dysfunctional in PC10. Force disabled.
Dec 13 16:50:40 schang kernel: APIC: Switch to symmetric I/O mode setup
Dec 13 16:50:40 schang kernel: DMAR: Host address width 39
Dec 13 16:50:40 schang kernel: DMAR: DRHD base: 0x000000fed90000 flags: 0x0
Dec 13 16:50:40 schang kernel: DMAR: dmar0: reg_base_addr fed90000 ver 4:0 cap 1c0000c40660462 ecap 29a00f0505e
Dec 13 16:50:40 schang kernel: DMAR: DRHD base: 0x000000fed84000 flags: 0x0
Dec 13 16:50:40 schang kernel: DMAR: dmar1: reg_base_addr fed84000 ver 1:0 cap d2008c40660462 ecap f050da
Dec 13 16:50:40 schang kernel: DMAR: DRHD base: 0x000000fed85000 flags: 0x0
Dec 13 16:50:40 schang kernel: DMAR: dmar2: reg_base_addr fed85000 ver 1:0 cap d2008c40660462 ecap f050da
Dec 13 16:50:40 schang kernel: DMAR: DRHD base: 0x000000fed86000 flags: 0x0
Dec 13 16:50:40 schang kernel: DMAR: dmar3: reg_base_addr fed86000 ver 1:0 cap d2008c40660462 ecap f050da
Dec 13 16:50:40 schang kernel: DMAR: DRHD base: 0x000000fed87000 flags: 0x0
Dec 13 16:50:40 schang kernel: DMAR: dmar4: reg_base_addr fed87000 ver 1:0 cap d2008c40660462 ecap f050da
Dec 13 16:50:40 schang kernel: DMAR: DRHD base: 0x000000fed91000 flags: 0x1
Dec 13 16:50:40 schang kernel: DMAR: dmar5: reg_base_addr fed91000 ver 1:0 cap d2008c40660462 ecap f050da
Dec 13 16:50:40 schang kernel: DMAR: RMRR base: 0x0000004c000000 end: 0x000000503fffff
Dec 13 16:50:40 schang kernel: DMAR-IR: IOAPIC id 2 under DRHD base  0xfed91000 IOMMU 5
Dec 13 16:50:40 schang kernel: DMAR-IR: HPET id 0 under DRHD base 0xfed91000
Dec 13 16:50:40 schang kernel: DMAR-IR: Queued invalidation will be enabled to support x2apic and Intr-remapping.
Dec 13 16:50:40 schang kernel: DMAR-IR: Enabled IRQ remapping in x2apic mode
Dec 13 16:50:40 schang kernel: x2apic enabled
Dec 13 16:50:40 schang kernel: APIC: Switched APIC routing to: cluster x2apic
Dec 13 16:50:40 schang kernel: clocksource: tsc-early: mask: 0xffffffffffffffff max_cycles: 0x28680fa287f, max_idle_ns: 440795281151 ns
Dec 13 16:50:40 schang kernel: Calibrating delay loop (skipped), value calculated using timer frequency.. 5606.40 BogoMIPS (lpj=2803200)
Dec 13 16:50:40 schang kernel: CPU0: Thermal monitoring enabled (TM1)
Dec 13 16:50:40 schang kernel: x86/cpu: User Mode Instruction Prevention (UMIP) activated
Dec 13 16:50:40 schang kernel: process: using mwait in idle threads
Dec 13 16:50:40 schang kernel: Last level iTLB entries: 4KB 0, 2MB 0, 4MB 0
Dec 13 16:50:40 schang kernel: Last level dTLB entries: 4KB 0, 2MB 0, 4MB 0, 1GB 0
Dec 13 16:50:40 schang kernel: Spectre V1 : Mitigation: usercopy/swapgs barriers and __user pointer sanitization
Dec 13 16:50:40 schang kernel: Spectre V2 : Spectre BHI mitigation: SW BHB clearing on vm exit
Dec 13 16:50:40 schang kernel: Spectre V2 : Spectre BHI mitigation: SW BHB clearing on syscall
Dec 13 16:50:40 schang kernel: Spectre V2 : Mitigation: Enhanced / Automatic IBRS
Dec 13 16:50:40 schang kernel: Spectre V2 : Spectre v2 / SpectreRSB mitigation: Filling RSB on context switch
Dec 13 16:50:40 schang kernel: Spectre V2 : Spectre v2 / PBRSB-eIBRS: Retire a single CALL on VMEXIT
Dec 13 16:50:40 schang kernel: Spectre V2 : mitigation: Enabling conditional Indirect Branch Prediction Barrier
Dec 13 16:50:40 schang kernel: Speculative Store Bypass: Mitigation: Speculative Store Bypass disabled via prctl
Dec 13 16:50:40 schang kernel: GDS: Mitigation: Microcode
Dec 13 16:50:40 schang kernel: x86/fpu: Supporting XSAVE feature 0x001: 'x87 floating point registers'
Dec 13 16:50:40 schang kernel: x86/fpu: Supporting XSAVE feature 0x002: 'SSE registers'
Dec 13 16:50:40 schang kernel: x86/fpu: Supporting XSAVE feature 0x004: 'AVX registers'
Dec 13 16:50:40 schang kernel: x86/fpu: Supporting XSAVE feature 0x020: 'AVX-512 opmask'
Dec 13 16:50:40 schang kernel: x86/fpu: Supporting XSAVE feature 0x040: 'AVX-512 Hi256'
Dec 13 16:50:40 schang kernel: x86/fpu: Supporting XSAVE feature 0x080: 'AVX-512 ZMM_Hi256'
Dec 13 16:50:40 schang kernel: x86/fpu: Supporting XSAVE feature 0x200: 'Protection Keys User registers'
Dec 13 16:50:40 schang kernel: x86/fpu: Supporting XSAVE feature 0x800: 'Control-flow User registers'
Dec 13 16:50:40 schang kernel: x86/fpu: xstate_offset[2]:  576, xstate_sizes[2]:  256
Dec 13 16:50:40 schang kernel: x86/fpu: xstate_offset[5]:  832, xstate_sizes[5]:   64
Dec 13 16:50:40 schang kernel: x86/fpu: xstate_offset[6]:  896, xstate_sizes[6]:  512
Dec 13 16:50:40 schang kernel: x86/fpu: xstate_offset[7]: 1408, xstate_sizes[7]: 1024
Dec 13 16:50:40 schang kernel: x86/fpu: xstate_offset[9]: 2432, xstate_sizes[9]:    8
Dec 13 16:50:40 schang kernel: x86/fpu: xstate_offset[11]: 2440, xstate_sizes[11]:   16
Dec 13 16:50:40 schang kernel: x86/fpu: Enabled xstate features 0xae7, context size is 2456 bytes, using 'compacted' format.
Dec 13 16:50:40 schang kernel: Freeing SMP alternatives memory: 48K
Dec 13 16:50:40 schang kernel: pid_max: default: 32768 minimum: 301
Dec 13 16:50:40 schang kernel: LSM: initializing lsm=lockdown,capability,landlock,yama,apparmor,integrity
Dec 13 16:50:40 schang kernel: landlock: Up and running.
Dec 13 16:50:40 schang kernel: Yama: becoming mindful.
Dec 13 16:50:40 schang kernel: AppArmor: AppArmor initialized
Dec 13 16:50:40 schang kernel: Mount-cache hash table entries: 65536 (order: 7, 524288 bytes, linear)
Dec 13 16:50:40 schang kernel: Mountpoint-cache hash table entries: 65536 (order: 7, 524288 bytes, linear)
Dec 13 16:50:40 schang kernel: smpboot: CPU0: 11th Gen Intel(R) Core(TM) i7-1165G7 @ 2.80GHz (family: 0x6, model: 0x8c, stepping: 0x1)
Dec 13 16:50:40 schang kernel: RCU Tasks: Setting shift to 3 and lim to 1 rcu_task_cb_adjust=1.
Dec 13 16:50:40 schang kernel: RCU Tasks Rude: Setting shift to 3 and lim to 1 rcu_task_cb_adjust=1.
Dec 13 16:50:40 schang kernel: RCU Tasks Trace: Setting shift to 3 and lim to 1 rcu_task_cb_adjust=1.
Dec 13 16:50:40 schang kernel: Performance Events: PEBS fmt4+-baseline,  AnyThread deprecated, Icelake events, 32-deep LBR, full-width counters, Intel PMU driver.
Dec 13 16:50:40 schang kernel: ... version:                5
Dec 13 16:50:40 schang kernel: ... bit width:              48
Dec 13 16:50:40 schang kernel: ... generic registers:      8
Dec 13 16:50:40 schang kernel: ... value mask:             0000ffffffffffff
Dec 13 16:50:40 schang kernel: ... max period:             00007fffffffffff
Dec 13 16:50:40 schang kernel: ... fixed-purpose events:   4
Dec 13 16:50:40 schang kernel: ... event mask:             0001000f000000ff
Dec 13 16:50:40 schang kernel: signal: max sigframe size: 3632
Dec 13 16:50:40 schang kernel: Estimated ratio of average max frequency by base frequency (times 1024): 1499
Dec 13 16:50:40 schang kernel: rcu: Hierarchical SRCU implementation.
Dec 13 16:50:40 schang kernel: rcu:         Max phase no-delay instances is 400.
Dec 13 16:50:40 schang kernel: NMI watchdog: Enabled. Permanently consumes one hw-PMU counter.
Dec 13 16:50:40 schang kernel: smp: Bringing up secondary CPUs ...
Dec 13 16:50:40 schang kernel: smpboot: x86: Booting SMP configuration:
Dec 13 16:50:40 schang kernel: .... node  #0, CPUs:      #1 #2 #3 #4 #5 #6 #7
Dec 13 16:50:40 schang kernel: smp: Brought up 1 node, 8 CPUs
Dec 13 16:50:40 schang kernel: smpboot: Max logical packages: 1
Dec 13 16:50:40 schang kernel: smpboot: Total of 8 processors activated (44851.20 BogoMIPS)
Dec 13 16:50:40 schang kernel: devtmpfs: initialized
Dec 13 16:50:40 schang kernel: x86/mm: Memory block size: 128MB
Dec 13 16:50:40 schang kernel: ACPI: PM: Registering ACPI NVS region [mem 0x452ff000-0x45b2efff] (8585216 bytes)
Dec 13 16:50:40 schang kernel: clocksource: jiffies: mask: 0xffffffff max_cycles: 0xffffffff, max_idle_ns: 1911260446275000 ns
Dec 13 16:50:40 schang kernel: futex hash table entries: 2048 (order: 5, 131072 bytes, linear)
Dec 13 16:50:40 schang kernel: pinctrl core: initialized pinctrl subsystem
Dec 13 16:50:40 schang kernel: PM: RTC time: 00:50:38, date: 2024-12-14
Dec 13 16:50:40 schang kernel: NET: Registered PF_NETLINK/PF_ROUTE protocol family
Dec 13 16:50:40 schang kernel: DMA: preallocated 4096 KiB GFP_KERNEL pool for atomic allocations
Dec 13 16:50:40 schang kernel: DMA: preallocated 4096 KiB GFP_KERNEL|GFP_DMA pool for atomic allocations
Dec 13 16:50:40 schang kernel: DMA: preallocated 4096 KiB GFP_KERNEL|GFP_DMA32 pool for atomic allocations
Dec 13 16:50:40 schang kernel: audit: initializing netlink subsys (disabled)
Dec 13 16:50:40 schang kernel: audit: type=2000 audit(1734137438.011:1): state=initialized audit_enabled=0 res=1
Dec 13 16:50:40 schang kernel: thermal_sys: Registered thermal governor 'fair_share'
Dec 13 16:50:40 schang kernel: thermal_sys: Registered thermal governor 'bang_bang'
Dec 13 16:50:40 schang kernel: thermal_sys: Registered thermal governor 'step_wise'
Dec 13 16:50:40 schang kernel: thermal_sys: Registered thermal governor 'user_space'
Dec 13 16:50:40 schang kernel: thermal_sys: Registered thermal governor 'power_allocator'
Dec 13 16:50:40 schang kernel: EISA bus registered
Dec 13 16:50:40 schang kernel: cpuidle: using governor ladder
Dec 13 16:50:40 schang kernel: cpuidle: using governor menu
Dec 13 16:50:40 schang kernel: acpiphp: ACPI Hot Plug PCI Controller Driver version: 0.5
Dec 13 16:50:40 schang kernel: PCI: ECAM [mem 0xc0000000-0xcaafffff] (base 0xc0000000) for domain 0000 [bus 00-aa]
Dec 13 16:50:40 schang kernel: PCI: Using configuration type 1 for base access
Dec 13 16:50:40 schang kernel: kprobes: kprobe jump-optimization is enabled. All kprobes are optimized if possible.
Dec 13 16:50:40 schang kernel: HugeTLB: registered 1.00 GiB page size, pre-allocated 0 pages
Dec 13 16:50:40 schang kernel: HugeTLB: 16380 KiB vmemmap can be freed for a 1.00 GiB page
Dec 13 16:50:40 schang kernel: HugeTLB: registered 2.00 MiB page size, pre-allocated 0 pages
Dec 13 16:50:40 schang kernel: HugeTLB: 28 KiB vmemmap can be freed for a 2.00 MiB page
Dec 13 16:50:40 schang kernel: ACPI: Added _OSI(Module Device)
Dec 13 16:50:40 schang kernel: ACPI: Added _OSI(Processor Device)
Dec 13 16:50:40 schang kernel: ACPI: Added _OSI(3.0 _SCP Extensions)
Dec 13 16:50:40 schang kernel: ACPI: Added _OSI(Processor Aggregator Device)
Dec 13 16:50:40 schang kernel: ACPI: 13 ACPI AML tables successfully acquired and loaded
Dec 13 16:50:40 schang kernel: ACPI: EC: EC started
Dec 13 16:50:40 schang kernel: ACPI: EC: interrupt blocked
Dec 13 16:50:40 schang kernel: ACPI: EC: EC_CMD/EC_SC=0x66, EC_DATA=0x62
Dec 13 16:50:40 schang kernel: ACPI: EC: Boot ECDT EC used to handle transactions
Dec 13 16:50:40 schang kernel: ACPI: Dynamic OEM Table Load:
Dec 13 16:50:40 schang kernel: ACPI: SSDT 0xFFFF943242853C00 000386 (v02 PmRef  Cpu0Cst  00003001 INTL 20160422)
Dec 13 16:50:40 schang kernel: ACPI: Dynamic OEM Table Load:
Dec 13 16:50:40 schang kernel: ACPI: SSDT 0xFFFF943242AE6000 000647 (v02 PmRef  Cpu0Ist  00003000 INTL 20160422)
Dec 13 16:50:40 schang kernel: ACPI: Dynamic OEM Table Load:
Dec 13 16:50:40 schang kernel: ACPI: SSDT 0xFFFF943242374200 0001C6 (v02 PmRef  Cpu0Psd  00003000 INTL 20160422)
Dec 13 16:50:40 schang kernel: ACPI: Dynamic OEM Table Load:
Dec 13 16:50:40 schang kernel: ACPI: SSDT 0xFFFF943242856C00 00028B (v02 PmRef  Cpu0Hwp  00003000 INTL 20160422)
Dec 13 16:50:40 schang kernel: ACPI: Dynamic OEM Table Load:
Dec 13 16:50:40 schang kernel: ACPI: SSDT 0xFFFF943242AEB000 0008E7 (v02 PmRef  ApIst    00003000 INTL 20160422)
Dec 13 16:50:40 schang kernel: ACPI: Dynamic OEM Table Load:
Dec 13 16:50:40 schang kernel: ACPI: SSDT 0xFFFF943242AE1000 00048A (v02 PmRef  ApHwp    00003000 INTL 20160422)
Dec 13 16:50:40 schang kernel: ACPI: Dynamic OEM Table Load:
Dec 13 16:50:40 schang kernel: ACPI: SSDT 0xFFFF943242AE0000 0004D4 (v02 PmRef  ApPsd    00003000 INTL 20160422)
Dec 13 16:50:40 schang kernel: ACPI: Dynamic OEM Table Load:
Dec 13 16:50:40 schang kernel: ACPI: SSDT 0xFFFF943242AE0800 00048A (v02 PmRef  ApCst    00003000 INTL 20160422)
Dec 13 16:50:40 schang kernel: ACPI: _OSC evaluated successfully for all CPUs
Dec 13 16:50:40 schang kernel: ACPI: Interpreter enabled
Dec 13 16:50:40 schang kernel: ACPI: PM: (supports S0 S3 S4 S5)
Dec 13 16:50:40 schang kernel: ACPI: Using IOAPIC for interrupt routing
Dec 13 16:50:40 schang kernel: PCI: Using host bridge windows from ACPI; if necessary, use "pci=nocrs" and report a bug
Dec 13 16:50:40 schang kernel: PCI: Ignoring E820 reservations for host bridge windows
Dec 13 16:50:40 schang kernel: ACPI: Enabled 7 GPEs in block 00 to 7F
Dec 13 16:50:40 schang kernel: ACPI: \_SB_.PC00.PEG0.PXP_: New power resource
Dec 13 16:50:40 schang kernel: ACPI: \_SB_.PC00.PAUD: New power resource
Dec 13 16:50:40 schang kernel: ACPI: \_SB_.PC00.RP04.PXP_: New power resource
Dec 13 16:50:40 schang kernel: ACPI: \_SB_.PC00.RP05.PXP_: New power resource
Dec 13 16:50:40 schang kernel: ACPI: \_SB_.PC00.RP08.PXP_: New power resource
Dec 13 16:50:40 schang kernel: ACPI: \_SB_.PC00.RP09.PXP_: New power resource
Dec 13 16:50:40 schang kernel: ACPI: \_SB_.PC00.RP10.PXSX.WRST: New power resource
Dec 13 16:50:40 schang kernel: ACPI: \_SB_.PC00.RP10.PXSX.DRST: New power resource
Dec 13 16:50:40 schang kernel: ACPI: \_SB_.PC00.SAT0.VOL0.V0PR: New power resource
Dec 13 16:50:40 schang kernel: ACPI: \_SB_.PC00.SAT0.VOL1.V1PR: New power resource
Dec 13 16:50:40 schang kernel: ACPI: \_SB_.PC00.SAT0.VOL2.V2PR: New power resource
Dec 13 16:50:40 schang kernel: ACPI: \_SB_.PC00.I2C0.PXTC: New power resource
Dec 13 16:50:40 schang kernel: ACPI: \_SB_.PC00.I2C0.PTPL: New power resource
Dec 13 16:50:40 schang kernel: ACPI: \_SB_.PC00.I2C1.PXTC: New power resource
Dec 13 16:50:40 schang kernel: ACPI: \_SB_.PC00.I2C2.PXTC: New power resource
Dec 13 16:50:40 schang kernel: ACPI: \_SB_.PC00.CNVW.WRST: New power resource
Dec 13 16:50:40 schang kernel: ACPI: \_SB_.PC00.TBT0: New power resource
Dec 13 16:50:40 schang kernel: ACPI: \_SB_.PC00.TBT1: New power resource
Dec 13 16:50:40 schang kernel: ACPI: \_SB_.PC00.D3C_: New power resource
Dec 13 16:50:40 schang kernel: ACPI: \PIN_: New power resource
Dec 13 16:50:40 schang kernel: ACPI: PCI Root Bridge [PC00] (domain 0000 [bus 00-aa])
Dec 13 16:50:40 schang kernel: acpi PNP0A08:00: _OSC: OS supports [ExtendedConfig ASPM ClockPM Segments MSI EDR HPX-Type3]
Dec 13 16:50:40 schang kernel: acpi PNP0A08:00: _OSC: platform does not support [AER]
Dec 13 16:50:40 schang kernel: acpi PNP0A08:00: _OSC: OS now controls [PCIeHotplug SHPCHotplug PME PCIeCapability LTR DPC]
Dec 13 16:50:40 schang kernel: PCI host bridge to bus 0000:00
Dec 13 16:50:40 schang kernel: pci_bus 0000:00: root bus resource [io  0x0000-0x0cf7 window]
Dec 13 16:50:40 schang kernel: pci_bus 0000:00: root bus resource [io  0x0d00-0xffff window]
Dec 13 16:50:40 schang kernel: pci_bus 0000:00: root bus resource [mem 0x000a0000-0x000bffff window]
Dec 13 16:50:40 schang kernel: pci_bus 0000:00: root bus resource [mem 0x50400000-0xbfffffff window]
Dec 13 16:50:40 schang kernel: pci_bus 0000:00: root bus resource [mem 0x4000000000-0x7fffffffff window]
Dec 13 16:50:40 schang kernel: pci_bus 0000:00: root bus resource [bus 00-aa]
Dec 13 16:50:40 schang kernel: pci 0000:00:00.0: [8086:9a14] type 00 class 0x060000 conventional PCI endpoint
Dec 13 16:50:40 schang kernel: pci 0000:00:02.0: [8086:9a49] type 00 class 0x030000 PCIe Root Complex Integrated Endpoint
Dec 13 16:50:40 schang kernel: pci 0000:00:02.0: BAR 0 [mem 0x605c000000-0x605cffffff 64bit]
Dec 13 16:50:40 schang kernel: pci 0000:00:02.0: BAR 2 [mem 0x4000000000-0x400fffffff 64bit pref]
Dec 13 16:50:40 schang kernel: pci 0000:00:02.0: BAR 4 [io  0x3000-0x303f]
Dec 13 16:50:40 schang kernel: pci 0000:00:02.0: DMAR: Skip IOMMU disabling for graphics
Dec 13 16:50:40 schang kernel: pci 0000:00:02.0: Video device with shadowed ROM at [mem 0x000c0000-0x000dffff]
Dec 13 16:50:40 schang kernel: pci 0000:00:02.0: VF BAR 0 [mem 0x00000000-0x00ffffff 64bit]
Dec 13 16:50:40 schang kernel: pci 0000:00:02.0: VF BAR 0 [mem 0x00000000-0x06ffffff 64bit]: contains BAR 0 for 7 VFs
Dec 13 16:50:40 schang kernel: pci 0000:00:02.0: VF BAR 2 [mem 0x00000000-0x1fffffff 64bit pref]
Dec 13 16:50:40 schang kernel: pci 0000:00:02.0: VF BAR 2 [mem 0x00000000-0xdfffffff 64bit pref]: contains BAR 2 for 7 VFs
Dec 13 16:50:40 schang kernel: pci 0000:00:04.0: [8086:9a03] type 00 class 0x118000 conventional PCI endpoint
Dec 13 16:50:40 schang kernel: pci 0000:00:04.0: BAR 0 [mem 0x605d180000-0x605d19ffff 64bit]
Dec 13 16:50:40 schang kernel: pci 0000:00:06.0: [8086:9a09] type 01 class 0x060400 PCIe Root Port
Dec 13 16:50:40 schang kernel: pci 0000:00:06.0: PCI bridge to [bus 01]
Dec 13 16:50:40 schang kernel: pci 0000:00:06.0:   bridge window [mem 0x7a300000-0x7a3fffff]
Dec 13 16:50:40 schang kernel: pci 0000:00:06.0: PME# supported from D0 D3hot D3cold
Dec 13 16:50:40 schang kernel: pci 0000:00:06.0: PTM enabled (root), 4ns granularity
Dec 13 16:50:40 schang kernel: pci 0000:00:07.0: [8086:9a23] type 01 class 0x060400 PCIe Root Port
Dec 13 16:50:40 schang kernel: pci 0000:00:07.0: PCI bridge to [bus 02-2b]
Dec 13 16:50:40 schang kernel: pci 0000:00:07.0:   bridge window [mem 0x7c000000-0x881fffff]
Dec 13 16:50:40 schang kernel: pci 0000:00:07.0:   bridge window [mem 0x6000000000-0x601bffffff 64bit pref]
Dec 13 16:50:40 schang kernel: pci 0000:00:07.0: Overriding RP PIO Log Size to 4
Dec 13 16:50:40 schang kernel: pci 0000:00:07.0: PME# supported from D0 D3hot D3cold
Dec 13 16:50:40 schang kernel: pci 0000:00:07.1: [8086:9a25] type 01 class 0x060400 PCIe Root Port
Dec 13 16:50:40 schang kernel: pci 0000:00:07.1: PCI bridge to [bus 2c-55]
Dec 13 16:50:40 schang kernel: pci 0000:00:07.1:   bridge window [mem 0x6e000000-0x7a1fffff]
Dec 13 16:50:40 schang kernel: pci 0000:00:07.1:   bridge window [mem 0x6020000000-0x603bffffff 64bit pref]
Dec 13 16:50:40 schang kernel: pci 0000:00:07.1: Overriding RP PIO Log Size to 4
Dec 13 16:50:40 schang kernel: pci 0000:00:07.1: PME# supported from D0 D3hot D3cold
Dec 13 16:50:40 schang kernel: pci 0000:00:07.2: [8086:9a27] type 01 class 0x060400 PCIe Root Port
Dec 13 16:50:40 schang kernel: pci 0000:00:07.2: PCI bridge to [bus 56-7f]
Dec 13 16:50:40 schang kernel: pci 0000:00:07.2:   bridge window [mem 0x60000000-0x6c1fffff]
Dec 13 16:50:40 schang kernel: pci 0000:00:07.2:   bridge window [mem 0x6040000000-0x605bffffff 64bit pref]
Dec 13 16:50:40 schang kernel: pci 0000:00:07.2: Overriding RP PIO Log Size to 4
Dec 13 16:50:40 schang kernel: pci 0000:00:07.2: PME# supported from D0 D3hot D3cold
Dec 13 16:50:40 schang kernel: pci 0000:00:07.3: [8086:9a29] type 01 class 0x060400 PCIe Root Port
Dec 13 16:50:40 schang kernel: pci 0000:00:07.3: PCI bridge to [bus 80-a9]
Dec 13 16:50:40 schang kernel: pci 0000:00:07.3:   bridge window [mem 0x52000000-0x5e1fffff]
Dec 13 16:50:40 schang kernel: pci 0000:00:07.3:   bridge window [mem 0x6060000000-0x607bffffff 64bit pref]
Dec 13 16:50:40 schang kernel: pci 0000:00:07.3: Overriding RP PIO Log Size to 4
Dec 13 16:50:40 schang kernel: pci 0000:00:07.3: PME# supported from D0 D3hot D3cold
Dec 13 16:50:40 schang kernel: pci 0000:00:08.0: [8086:9a11] type 00 class 0x088000 conventional PCI endpoint
Dec 13 16:50:40 schang kernel: pci 0000:00:08.0: BAR 0 [mem 0x605d1d8000-0x605d1d8fff 64bit]
Dec 13 16:50:40 schang kernel: pci 0000:00:0a.0: [8086:9a0d] type 00 class 0x118000 PCIe Root Complex Integrated Endpoint
Dec 13 16:50:40 schang kernel: pci 0000:00:0a.0: BAR 0 [mem 0x605d1c0000-0x605d1c7fff 64bit]
Dec 13 16:50:40 schang kernel: pci 0000:00:0a.0: enabling Extended Tags
Dec 13 16:50:40 schang kernel: pci 0000:00:0d.0: [8086:9a13] type 00 class 0x0c0330 conventional PCI endpoint
Dec 13 16:50:40 schang kernel: pci 0000:00:0d.0: BAR 0 [mem 0x605d1b0000-0x605d1bffff 64bit]
Dec 13 16:50:40 schang kernel: pci 0000:00:0d.0: PME# supported from D3hot D3cold
Dec 13 16:50:40 schang kernel: pci 0000:00:0d.2: [8086:9a1b] type 00 class 0x0c0340 conventional PCI endpoint
Dec 13 16:50:40 schang kernel: pci 0000:00:0d.2: BAR 0 [mem 0x605d140000-0x605d17ffff 64bit]
Dec 13 16:50:40 schang kernel: pci 0000:00:0d.2: BAR 2 [mem 0x605d1d7000-0x605d1d7fff 64bit]
Dec 13 16:50:40 schang kernel: pci 0000:00:0d.2: supports D1 D2
Dec 13 16:50:40 schang kernel: pci 0000:00:0d.2: PME# supported from D0 D1 D2 D3hot D3cold
Dec 13 16:50:40 schang kernel: pci 0000:00:0d.3: [8086:9a1d] type 00 class 0x0c0340 conventional PCI endpoint
Dec 13 16:50:40 schang kernel: pci 0000:00:0d.3: BAR 0 [mem 0x605d100000-0x605d13ffff 64bit]
Dec 13 16:50:40 schang kernel: pci 0000:00:0d.3: BAR 2 [mem 0x605d1d6000-0x605d1d6fff 64bit]
Dec 13 16:50:40 schang kernel: pci 0000:00:0d.3: supports D1 D2
Dec 13 16:50:40 schang kernel: pci 0000:00:0d.3: PME# supported from D0 D1 D2 D3hot D3cold
Dec 13 16:50:40 schang kernel: pci 0000:00:12.0: [8086:a0fc] type 00 class 0x070000 conventional PCI endpoint
Dec 13 16:50:40 schang kernel: pci 0000:00:12.0: BAR 0 [mem 0x605d1a0000-0x605d1affff 64bit]
Dec 13 16:50:40 schang kernel: pci 0000:00:12.0: PME# supported from D0 D3hot
Dec 13 16:50:40 schang kernel: pci 0000:00:14.0: [8086:a0ed] type 00 class 0x0c0330 conventional PCI endpoint
Dec 13 16:50:40 schang kernel: pci 0000:00:14.0: BAR 0 [mem 0x7a400000-0x7a40ffff 64bit]
Dec 13 16:50:40 schang kernel: pci 0000:00:14.0: PME# supported from D3hot D3cold
Dec 13 16:50:40 schang kernel: pci 0000:00:14.2: [8086:a0ef] type 00 class 0x050000 conventional PCI endpoint
Dec 13 16:50:40 schang kernel: pci 0000:00:14.2: BAR 0 [mem 0x605d1cc000-0x605d1cffff 64bit]
Dec 13 16:50:40 schang kernel: pci 0000:00:14.2: BAR 2 [mem 0x605d1d5000-0x605d1d5fff 64bit]
Dec 13 16:50:40 schang kernel: pci 0000:00:15.0: [8086:a0e8] type 00 class 0x0c8000 conventional PCI endpoint
Dec 13 16:50:40 schang kernel: pci 0000:00:15.0: BAR 0 [mem 0x00000000-0x00000fff 64bit]
Dec 13 16:50:40 schang kernel: pci 0000:00:15.1: [8086:a0e9] type 00 class 0x0c8000 conventional PCI endpoint
Dec 13 16:50:40 schang kernel: pci 0000:00:15.1: BAR 0 [mem 0x00000000-0x00000fff 64bit]
Dec 13 16:50:40 schang kernel: pci 0000:00:15.3: [8086:a0eb] type 00 class 0x0c8000 conventional PCI endpoint
Dec 13 16:50:40 schang kernel: pci 0000:00:15.3: BAR 0 [mem 0x00000000-0x00000fff 64bit]
Dec 13 16:50:40 schang kernel: pci 0000:00:16.0: [8086:a0e0] type 00 class 0x078000 conventional PCI endpoint
Dec 13 16:50:40 schang kernel: pci 0000:00:16.0: BAR 0 [mem 0x605d1d1000-0x605d1d1fff 64bit]
Dec 13 16:50:40 schang kernel: pci 0000:00:16.0: PME# supported from D3hot
Dec 13 16:50:40 schang kernel: pci 0000:00:1d.0: [8086:a0b1] type 01 class 0x060400 PCIe Root Port
Dec 13 16:50:40 schang kernel: pci 0000:00:1d.0: PCI bridge to [bus aa]
Dec 13 16:50:40 schang kernel: pci 0000:00:1d.0:   bridge window [mem 0x7a200000-0x7a2fffff]
Dec 13 16:50:40 schang kernel: pci 0000:00:1d.0: PME# supported from D0 D3hot D3cold
Dec 13 16:50:40 schang kernel: pci 0000:00:1d.0: PTM enabled (root), 4ns granularity
Dec 13 16:50:40 schang kernel: pci 0000:00:1f.0: [8086:a082] type 00 class 0x060100 conventional PCI endpoint
Dec 13 16:50:40 schang kernel: pci 0000:00:1f.3: [8086:a0c8] type 00 class 0x040380 conventional PCI endpoint
Dec 13 16:50:40 schang kernel: pci 0000:00:1f.3: BAR 0 [mem 0x605d1c8000-0x605d1cbfff 64bit]
Dec 13 16:50:40 schang kernel: pci 0000:00:1f.3: BAR 4 [mem 0x605d000000-0x605d0fffff 64bit]
Dec 13 16:50:40 schang kernel: pci 0000:00:1f.3: PME# supported from D3hot D3cold
Dec 13 16:50:40 schang kernel: pci 0000:00:1f.4: [8086:a0a3] type 00 class 0x0c0500 conventional PCI endpoint
Dec 13 16:50:40 schang kernel: pci 0000:00:1f.4: BAR 0 [mem 0x605d1d0000-0x605d1d00ff 64bit]
Dec 13 16:50:40 schang kernel: pci 0000:00:1f.4: BAR 4 [io  0xefa0-0xefbf]
Dec 13 16:50:40 schang kernel: pci 0000:00:1f.5: [8086:a0a4] type 00 class 0x0c8000 conventional PCI endpoint
Dec 13 16:50:40 schang kernel: pci 0000:00:1f.5: BAR 0 [mem 0xfe010000-0xfe010fff]
Dec 13 16:50:40 schang kernel: pci 0000:01:00.0: [15b7:5011] type 00 class 0x010802 PCIe Endpoint
Dec 13 16:50:40 schang kernel: pci 0000:01:00.0: BAR 0 [mem 0x7a300000-0x7a303fff 64bit]
Dec 13 16:50:40 schang kernel: pci 0000:00:06.0: PCI bridge to [bus 01]
Dec 13 16:50:40 schang kernel: pci 0000:00:07.0: PCI bridge to [bus 02-2b]
Dec 13 16:50:40 schang kernel: pci 0000:00:07.1: PCI bridge to [bus 2c-55]
Dec 13 16:50:40 schang kernel: pci 0000:00:07.2: PCI bridge to [bus 56-7f]
Dec 13 16:50:40 schang kernel: pci 0000:00:07.3: PCI bridge to [bus 80-a9]
Dec 13 16:50:40 schang kernel: pci 0000:aa:00.0: [8086:2725] type 00 class 0x028000 PCIe Endpoint
Dec 13 16:50:40 schang kernel: pci 0000:aa:00.0: BAR 0 [mem 0x7a200000-0x7a203fff 64bit]
Dec 13 16:50:40 schang kernel: pci 0000:aa:00.0: PME# supported from D0 D3hot D3cold
Dec 13 16:50:40 schang kernel: pci 0000:00:1d.0: PCI bridge to [bus aa]
Dec 13 16:50:40 schang kernel: ACPI: \_SB_.PEPD: Duplicate LPS0 _DSM functions (mask: 0x79)
Dec 13 16:50:40 schang kernel: Low-power S0 idle used by default for system suspend
Dec 13 16:50:40 schang kernel: ACPI: EC: interrupt unblocked
Dec 13 16:50:40 schang kernel: ACPI: EC: event unblocked
Dec 13 16:50:40 schang kernel: ACPI: EC: EC_CMD/EC_SC=0x66, EC_DATA=0x62
Dec 13 16:50:40 schang kernel: ACPI: EC: GPE=0x6e
Dec 13 16:50:40 schang kernel: ACPI: \_SB_.PC00.LPCB.EC0_: Boot ECDT EC initialization complete
Dec 13 16:50:40 schang kernel: ACPI: \_SB_.PC00.LPCB.EC0_: EC: Used to handle transactions and events
Dec 13 16:50:40 schang kernel: iommu: Default domain type: Translated
Dec 13 16:50:40 schang kernel: iommu: DMA domain TLB invalidation policy: lazy mode
Dec 13 16:50:40 schang kernel: SCSI subsystem initialized
Dec 13 16:50:40 schang kernel: libata version 3.00 loaded.
Dec 13 16:50:40 schang kernel: ACPI: bus type USB registered
Dec 13 16:50:40 schang kernel: usbcore: registered new interface driver usbfs
Dec 13 16:50:40 schang kernel: usbcore: registered new interface driver hub
Dec 13 16:50:40 schang kernel: usbcore: registered new device driver usb
Dec 13 16:50:40 schang kernel: pps_core: LinuxPPS API ver. 1 registered
Dec 13 16:50:40 schang kernel: pps_core: Software ver. 5.3.6 - Copyright 2005-2007 Rodolfo Giometti <giometti@linux.it>
Dec 13 16:50:40 schang kernel: PTP clock support registered
Dec 13 16:50:40 schang kernel: EDAC MC: Ver: 3.0.0
Dec 13 16:50:40 schang kernel: efivars: Registered efivars operations
Dec 13 16:50:40 schang kernel: NetLabel: Initializing
Dec 13 16:50:40 schang kernel: NetLabel:  domain hash size = 128
Dec 13 16:50:40 schang kernel: NetLabel:  protocols = UNLABELED CIPSOv4 CALIPSO
Dec 13 16:50:40 schang kernel: NetLabel:  unlabeled traffic allowed by default
Dec 13 16:50:40 schang kernel: mctp: management component transport protocol core
Dec 13 16:50:40 schang kernel: NET: Registered PF_MCTP protocol family
Dec 13 16:50:40 schang kernel: PCI: Using ACPI for IRQ routing
Dec 13 16:50:40 schang kernel: PCI: pci_cache_line_size set to 64 bytes
Dec 13 16:50:40 schang kernel: pci 0000:00:1f.5: BAR 0 [mem 0xfe010000-0xfe010fff]: can't claim; no compatible bridge window
Dec 13 16:50:40 schang kernel: e820: reserve RAM buffer [mem 0x0009f000-0x0009ffff]
Dec 13 16:50:40 schang kernel: e820: reserve RAM buffer [mem 0x3d71d000-0x3fffffff]
Dec 13 16:50:40 schang kernel: e820: reserve RAM buffer [mem 0x3e1a0000-0x3fffffff]
Dec 13 16:50:40 schang kernel: e820: reserve RAM buffer [mem 0x40d99000-0x43ffffff]
Dec 13 16:50:40 schang kernel: e820: reserve RAM buffer [mem 0x434af000-0x43ffffff]
Dec 13 16:50:40 schang kernel: e820: reserve RAM buffer [mem 0x45c00000-0x47ffffff]
Dec 13 16:50:40 schang kernel: e820: reserve RAM buffer [mem 0x8afc00000-0x8afffffff]
Dec 13 16:50:40 schang kernel: pci 0000:00:02.0: vgaarb: setting as boot VGA device
Dec 13 16:50:40 schang kernel: pci 0000:00:02.0: vgaarb: bridge control possible
Dec 13 16:50:40 schang kernel: pci 0000:00:02.0: vgaarb: VGA device added: decodes=io+mem,owns=io+mem,locks=none
Dec 13 16:50:40 schang kernel: vgaarb: loaded
Dec 13 16:50:40 schang kernel: clocksource: Switched to clocksource tsc-early
Dec 13 16:50:40 schang kernel: VFS: Disk quotas dquot_6.6.0
Dec 13 16:50:40 schang kernel: VFS: Dquot-cache hash table entries: 512 (order 0, 4096 bytes)
Dec 13 16:50:40 schang kernel: AppArmor: AppArmor Filesystem Enabled
Dec 13 16:50:40 schang kernel: pnp: PnP ACPI init
Dec 13 16:50:40 schang kernel: pnp 00:02: disabling [mem 0xc0000000-0xcfffffff] because it overlaps 0000:00:02.0 BAR 9 [mem 0x00000000-0xdfffffff 64bit pref]
Dec 13 16:50:40 schang kernel: system 00:02: [mem 0xfedc0000-0xfedc7fff] has been reserved
Dec 13 16:50:40 schang kernel: system 00:02: [mem 0xfeda0000-0xfeda0fff] has been reserved
Dec 13 16:50:40 schang kernel: system 00:02: [mem 0xfeda1000-0xfeda1fff] has been reserved
Dec 13 16:50:40 schang kernel: system 00:02: [mem 0xfed20000-0xfed7ffff] could not be reserved
Dec 13 16:50:40 schang kernel: system 00:02: [mem 0xfed90000-0xfed93fff] could not be reserved
Dec 13 16:50:40 schang kernel: system 00:02: [mem 0xfed45000-0xfed8ffff] could not be reserved
Dec 13 16:50:40 schang kernel: system 00:02: [mem 0xfee00000-0xfeefffff] has been reserved
Dec 13 16:50:40 schang kernel: system 00:03: [io  0x1800-0x18fe] has been reserved
Dec 13 16:50:40 schang kernel: system 00:03: [mem 0xfe000000-0xfe01ffff] could not be reserved
Dec 13 16:50:40 schang kernel: system 00:03: [mem 0xfe04c000-0xfe04ffff] has been reserved
Dec 13 16:50:40 schang kernel: system 00:03: [mem 0xfe050000-0xfe0affff] has been reserved
Dec 13 16:50:40 schang kernel: system 00:03: [mem 0xfe0d0000-0xfe0fffff] has been reserved
Dec 13 16:50:40 schang kernel: system 00:03: [mem 0xfe200000-0xfe7fffff] has been reserved
Dec 13 16:50:40 schang kernel: system 00:03: [mem 0xff000000-0xffffffff] has been reserved
Dec 13 16:50:40 schang kernel: system 00:03: [mem 0xfd000000-0xfd68ffff] has been reserved
Dec 13 16:50:40 schang kernel: system 00:03: [mem 0xfd6b0000-0xfd6cffff] has been reserved
Dec 13 16:50:40 schang kernel: system 00:03: [mem 0xfd6f0000-0xfdffffff] has been reserved
Dec 13 16:50:40 schang kernel: system 00:04: [io  0x2000-0x20fe] has been reserved
Dec 13 16:50:40 schang kernel: pnp: PnP ACPI: found 6 devices
Dec 13 16:50:40 schang kernel: clocksource: acpi_pm: mask: 0xffffff max_cycles: 0xffffff, max_idle_ns: 2085701024 ns
Dec 13 16:50:40 schang kernel: NET: Registered PF_INET protocol family
Dec 13 16:50:40 schang kernel: IP idents hash table entries: 262144 (order: 9, 2097152 bytes, linear)
Dec 13 16:50:40 schang kernel: tcp_listen_portaddr_hash hash table entries: 16384 (order: 6, 262144 bytes, linear)
Dec 13 16:50:40 schang kernel: Table-perturb hash table entries: 65536 (order: 6, 262144 bytes, linear)
Dec 13 16:50:40 schang kernel: TCP established hash table entries: 262144 (order: 9, 2097152 bytes, linear)
Dec 13 16:50:40 schang kernel: TCP bind hash table entries: 65536 (order: 9, 2097152 bytes, linear)
Dec 13 16:50:40 schang kernel: TCP: Hash tables configured (established 262144 bind 65536)
Dec 13 16:50:40 schang kernel: MPTCP token hash table entries: 32768 (order: 7, 786432 bytes, linear)
Dec 13 16:50:40 schang kernel: UDP hash table entries: 16384 (order: 7, 524288 bytes, linear)
Dec 13 16:50:40 schang kernel: UDP-Lite hash table entries: 16384 (order: 7, 524288 bytes, linear)
Dec 13 16:50:40 schang kernel: NET: Registered PF_UNIX/PF_LOCAL protocol family
Dec 13 16:50:40 schang kernel: NET: Registered PF_XDP protocol family
Dec 13 16:50:40 schang kernel: pci_bus 0000:00: max bus depth: 1 pci_try_num: 2
Dec 13 16:50:40 schang kernel: pci 0000:00:02.0: VF BAR 2 [mem 0x4020000000-0x40ffffffff 64bit pref]: assigned
Dec 13 16:50:40 schang kernel: pci 0000:00:02.0: VF BAR 0 [mem 0x4010000000-0x4016ffffff 64bit]: assigned
Dec 13 16:50:40 schang kernel: pci 0000:00:07.0: bridge window [io  0x4000-0x4fff]: assigned
Dec 13 16:50:40 schang kernel: pci 0000:00:07.1: bridge window [io  0x5000-0x5fff]: assigned
Dec 13 16:50:40 schang kernel: pci 0000:00:07.2: bridge window [io  0x6000-0x6fff]: assigned
Dec 13 16:50:40 schang kernel: pci 0000:00:07.3: bridge window [io  0x7000-0x7fff]: assigned
Dec 13 16:50:40 schang kernel: pci 0000:00:15.0: BAR 0 [mem 0x4017000000-0x4017000fff 64bit]: assigned
Dec 13 16:50:40 schang kernel: pci 0000:00:15.1: BAR 0 [mem 0x4017001000-0x4017001fff 64bit]: assigned
Dec 13 16:50:40 schang kernel: pci 0000:00:15.3: BAR 0 [mem 0x4017002000-0x4017002fff 64bit]: assigned
Dec 13 16:50:40 schang kernel: pci 0000:00:1f.5: BAR 0 [mem 0x50400000-0x50400fff]: assigned
Dec 13 16:50:40 schang kernel: pci 0000:00:06.0: PCI bridge to [bus 01]
Dec 13 16:50:40 schang kernel: pci 0000:00:06.0:   bridge window [mem 0x7a300000-0x7a3fffff]
Dec 13 16:50:40 schang kernel: pci 0000:00:07.0: PCI bridge to [bus 02-2b]
Dec 13 16:50:40 schang kernel: pci 0000:00:07.0:   bridge window [io  0x4000-0x4fff]
Dec 13 16:50:40 schang kernel: pci 0000:00:07.0:   bridge window [mem 0x7c000000-0x881fffff]
Dec 13 16:50:40 schang kernel: pci 0000:00:07.0:   bridge window [mem 0x6000000000-0x601bffffff 64bit pref]
Dec 13 16:50:40 schang kernel: pci 0000:00:07.1: PCI bridge to [bus 2c-55]
Dec 13 16:50:40 schang kernel: pci 0000:00:07.1:   bridge window [io  0x5000-0x5fff]
Dec 13 16:50:40 schang kernel: pci 0000:00:07.1:   bridge window [mem 0x6e000000-0x7a1fffff]
Dec 13 16:50:40 schang kernel: pci 0000:00:07.1:   bridge window [mem 0x6020000000-0x603bffffff 64bit pref]
Dec 13 16:50:40 schang kernel: pci 0000:00:07.2: PCI bridge to [bus 56-7f]
Dec 13 16:50:40 schang kernel: pci 0000:00:07.2:   bridge window [io  0x6000-0x6fff]
Dec 13 16:50:40 schang kernel: pci 0000:00:07.2:   bridge window [mem 0x60000000-0x6c1fffff]
Dec 13 16:50:40 schang kernel: pci 0000:00:07.2:   bridge window [mem 0x6040000000-0x605bffffff 64bit pref]
Dec 13 16:50:40 schang kernel: pci 0000:00:07.3: PCI bridge to [bus 80-a9]
Dec 13 16:50:40 schang kernel: pci 0000:00:07.3:   bridge window [io  0x7000-0x7fff]
Dec 13 16:50:40 schang kernel: pci 0000:00:07.3:   bridge window [mem 0x52000000-0x5e1fffff]
Dec 13 16:50:40 schang kernel: pci 0000:00:07.3:   bridge window [mem 0x6060000000-0x607bffffff 64bit pref]
Dec 13 16:50:40 schang kernel: pci 0000:00:1d.0: PCI bridge to [bus aa]
Dec 13 16:50:40 schang kernel: pci 0000:00:1d.0:   bridge window [mem 0x7a200000-0x7a2fffff]
Dec 13 16:50:40 schang kernel: pci_bus 0000:00: resource 4 [io  0x0000-0x0cf7 window]
Dec 13 16:50:40 schang kernel: pci_bus 0000:00: resource 5 [io  0x0d00-0xffff window]
Dec 13 16:50:40 schang kernel: pci_bus 0000:00: resource 6 [mem 0x000a0000-0x000bffff window]
Dec 13 16:50:40 schang kernel: pci_bus 0000:00: resource 7 [mem 0x50400000-0xbfffffff window]
Dec 13 16:50:40 schang kernel: pci_bus 0000:00: resource 8 [mem 0x4000000000-0x7fffffffff window]
Dec 13 16:50:40 schang kernel: pci_bus 0000:01: resource 1 [mem 0x7a300000-0x7a3fffff]
Dec 13 16:50:40 schang kernel: pci_bus 0000:02: resource 0 [io  0x4000-0x4fff]
Dec 13 16:50:40 schang kernel: pci_bus 0000:02: resource 1 [mem 0x7c000000-0x881fffff]
Dec 13 16:50:40 schang kernel: pci_bus 0000:02: resource 2 [mem 0x6000000000-0x601bffffff 64bit pref]
Dec 13 16:50:40 schang kernel: pci_bus 0000:2c: resource 0 [io  0x5000-0x5fff]
Dec 13 16:50:40 schang kernel: pci_bus 0000:2c: resource 1 [mem 0x6e000000-0x7a1fffff]
Dec 13 16:50:40 schang kernel: pci_bus 0000:2c: resource 2 [mem 0x6020000000-0x603bffffff 64bit pref]
Dec 13 16:50:40 schang kernel: pci_bus 0000:56: resource 0 [io  0x6000-0x6fff]
Dec 13 16:50:40 schang kernel: pci_bus 0000:56: resource 1 [mem 0x60000000-0x6c1fffff]
Dec 13 16:50:40 schang kernel: pci_bus 0000:56: resource 2 [mem 0x6040000000-0x605bffffff 64bit pref]
Dec 13 16:50:40 schang kernel: pci_bus 0000:80: resource 0 [io  0x7000-0x7fff]
Dec 13 16:50:40 schang kernel: pci_bus 0000:80: resource 1 [mem 0x52000000-0x5e1fffff]
Dec 13 16:50:40 schang kernel: pci_bus 0000:80: resource 2 [mem 0x6060000000-0x607bffffff 64bit pref]
Dec 13 16:50:40 schang kernel: pci_bus 0000:aa: resource 1 [mem 0x7a200000-0x7a2fffff]
Dec 13 16:50:40 schang kernel: PCI: CLS 64 bytes, default 64
Dec 13 16:50:40 schang kernel: DMAR: No ATSR found
Dec 13 16:50:40 schang kernel: DMAR: No SATC found
Dec 13 16:50:40 schang kernel: DMAR: IOMMU feature fl1gp_support inconsistent
Dec 13 16:50:40 schang kernel: DMAR: IOMMU feature pgsel_inv inconsistent
Dec 13 16:50:40 schang kernel: DMAR: IOMMU feature nwfs inconsistent
Dec 13 16:50:40 schang kernel: DMAR: IOMMU feature dit inconsistent
Dec 13 16:50:40 schang kernel: DMAR: IOMMU feature sc_support inconsistent
Dec 13 16:50:40 schang kernel: DMAR: IOMMU feature dev_iotlb_support inconsistent
Dec 13 16:50:40 schang kernel: DMAR: dmar4: Using Queued invalidation
Dec 13 16:50:40 schang kernel: DMAR: dmar3: Using Queued invalidation
Dec 13 16:50:40 schang kernel: DMAR: dmar2: Using Queued invalidation
Dec 13 16:50:40 schang kernel: DMAR: dmar1: Using Queued invalidation
Dec 13 16:50:40 schang kernel: DMAR: dmar0: Using Queued invalidation
Dec 13 16:50:40 schang kernel: DMAR: dmar5: Using Queued invalidation
Dec 13 16:50:40 schang kernel: Trying to unpack rootfs image as initramfs...
Dec 13 16:50:40 schang kernel: pci 0000:00:07.3: Adding to iommu group 0
Dec 13 16:50:40 schang kernel: pci 0000:00:07.2: Adding to iommu group 1
Dec 13 16:50:40 schang kernel: pci 0000:00:07.1: Adding to iommu group 2
Dec 13 16:50:40 schang kernel: pci 0000:00:07.0: Adding to iommu group 3
Dec 13 16:50:40 schang kernel: pci 0000:00:02.0: Adding to iommu group 4
Dec 13 16:50:40 schang kernel: pci 0000:00:00.0: Adding to iommu group 5
Dec 13 16:50:40 schang kernel: pci 0000:00:04.0: Adding to iommu group 6
Dec 13 16:50:40 schang kernel: pci 0000:00:06.0: Adding to iommu group 7
Dec 13 16:50:40 schang kernel: pci 0000:00:08.0: Adding to iommu group 8
Dec 13 16:50:40 schang kernel: pci 0000:00:0a.0: Adding to iommu group 9
Dec 13 16:50:40 schang kernel: pci 0000:00:0d.0: Adding to iommu group 10
Dec 13 16:50:40 schang kernel: pci 0000:00:0d.2: Adding to iommu group 10
Dec 13 16:50:40 schang kernel: pci 0000:00:0d.3: Adding to iommu group 10
Dec 13 16:50:40 schang kernel: pci 0000:00:12.0: Adding to iommu group 11
Dec 13 16:50:40 schang kernel: pci 0000:00:14.0: Adding to iommu group 12
Dec 13 16:50:40 schang kernel: pci 0000:00:14.2: Adding to iommu group 12
Dec 13 16:50:40 schang kernel: pci 0000:00:15.0: Adding to iommu group 13
Dec 13 16:50:40 schang kernel: pci 0000:00:15.1: Adding to iommu group 13
Dec 13 16:50:40 schang kernel: pci 0000:00:15.3: Adding to iommu group 13
Dec 13 16:50:40 schang kernel: pci 0000:00:16.0: Adding to iommu group 14
Dec 13 16:50:40 schang kernel: pci 0000:00:1d.0: Adding to iommu group 15
Dec 13 16:50:40 schang kernel: pci 0000:00:1f.0: Adding to iommu group 16
Dec 13 16:50:40 schang kernel: pci 0000:00:1f.3: Adding to iommu group 16
Dec 13 16:50:40 schang kernel: pci 0000:00:1f.4: Adding to iommu group 16
Dec 13 16:50:40 schang kernel: pci 0000:00:1f.5: Adding to iommu group 16
Dec 13 16:50:40 schang kernel: pci 0000:01:00.0: Adding to iommu group 17
Dec 13 16:50:40 schang kernel: pci 0000:aa:00.0: Adding to iommu group 18
Dec 13 16:50:40 schang kernel: DMAR: Intel(R) Virtualization Technology for Directed I/O
Dec 13 16:50:40 schang kernel: PCI-DMA: Using software bounce buffering for IO (SWIOTLB)
Dec 13 16:50:40 schang kernel: software IO TLB: mapped [mem 0x00000000343ef000-0x00000000383ef000] (64MB)
Dec 13 16:50:40 schang kernel: resource: resource sanity check: requesting [mem 0x00000000fedc0000-0x00000000fedcdfff], which spans more than pnp 00:02 [mem 0xfedc0000-0xfedc7fff]
Dec 13 16:50:40 schang kernel: caller __uncore_imc_init_box+0xcb/0x150 mapping multiple BARs
Dec 13 16:50:40 schang kernel: clocksource: tsc: mask: 0xffffffffffffffff max_cycles: 0x28680fa287f, max_idle_ns: 440795281151 ns
Dec 13 16:50:40 schang kernel: clocksource: Switched to clocksource tsc
Dec 13 16:50:40 schang kernel: platform rtc_cmos: registered platform RTC device (no PNP device found)
Dec 13 16:50:40 schang kernel: Initialise system trusted keyrings
Dec 13 16:50:40 schang kernel: Key type blacklist registered
Dec 13 16:50:40 schang kernel: workingset: timestamp_bits=36 max_order=23 bucket_order=0
Dec 13 16:50:40 schang kernel: zbud: loaded
Dec 13 16:50:40 schang kernel: squashfs: version 4.0 (2009/01/31) Phillip Lougher
Dec 13 16:50:40 schang kernel: fuse: init (API version 7.39)
Dec 13 16:50:40 schang kernel: integrity: Platform Keyring initialized
Dec 13 16:50:40 schang kernel: integrity: Machine keyring initialized
Dec 13 16:50:40 schang kernel: Key type asymmetric registered
Dec 13 16:50:40 schang kernel: Asymmetric key parser 'x509' registered
Dec 13 16:50:40 schang kernel: Block layer SCSI generic (bsg) driver version 0.4 loaded (major 243)
Dec 13 16:50:40 schang kernel: io scheduler mq-deadline registered
Dec 13 16:50:40 schang kernel: pcieport 0000:00:06.0: PME: Signaling with IRQ 126
Dec 13 16:50:40 schang kernel: pcieport 0000:00:07.0: PME: Signaling with IRQ 127
Dec 13 16:50:40 schang kernel: pcieport 0000:00:07.0: pciehp: Slot #0 AttnBtn- PwrCtrl- MRL- AttnInd- PwrInd- HotPlug+ Surprise+ Interlock- NoCompl+ IbPresDis- LLActRep+
Dec 13 16:50:40 schang kernel: pcieport 0000:00:07.1: PME: Signaling with IRQ 128
Dec 13 16:50:40 schang kernel: pcieport 0000:00:07.1: pciehp: Slot #0 AttnBtn- PwrCtrl- MRL- AttnInd- PwrInd- HotPlug+ Surprise+ Interlock- NoCompl+ IbPresDis- LLActRep+
Dec 13 16:50:40 schang kernel: pcieport 0000:00:07.2: PME: Signaling with IRQ 129
Dec 13 16:50:40 schang kernel: pcieport 0000:00:07.2: pciehp: Slot #0 AttnBtn- PwrCtrl- MRL- AttnInd- PwrInd- HotPlug+ Surprise+ Interlock- NoCompl+ IbPresDis- LLActRep+
Dec 13 16:50:40 schang kernel: pcieport 0000:00:07.3: PME: Signaling with IRQ 130
Dec 13 16:50:40 schang kernel: pcieport 0000:00:07.3: pciehp: Slot #0 AttnBtn- PwrCtrl- MRL- AttnInd- PwrInd- HotPlug+ Surprise+ Interlock- NoCompl+ IbPresDis- LLActRep+
Dec 13 16:50:40 schang kernel: pcieport 0000:00:1d.0: PME: Signaling with IRQ 131
Dec 13 16:50:40 schang kernel: shpchp: Standard Hot Plug PCI Controller Driver version: 0.4
Dec 13 16:50:40 schang kernel: Monitor-Mwait will be used to enter C-1 state
Dec 13 16:50:40 schang kernel: Monitor-Mwait will be used to enter C-2 state
Dec 13 16:50:40 schang kernel: Monitor-Mwait will be used to enter C-3 state
Dec 13 16:50:40 schang kernel: ACPI: \_SB_.PR00: Found 3 idle states
Dec 13 16:50:40 schang kernel: ACPI: AC: AC Adapter [ACAD] (on-line)
Dec 13 16:50:40 schang kernel: input: Lid Switch as /devices/LNXSYSTM:00/LNXSYBUS:00/PNP0A08:00/device:1b/PNP0C09:00/PNP0C0D:00/input/input0
Dec 13 16:50:40 schang kernel: ACPI: button: Lid Switch [LID0]
Dec 13 16:50:40 schang kernel: input: Power Button as /devices/LNXSYSTM:00/LNXSYBUS:00/PNP0C0C:00/input/input1
Dec 13 16:50:40 schang kernel: ACPI: button: Power Button [PWRB]
Dec 13 16:50:40 schang kernel: thermal LNXTHERM:00: registered as thermal_zone0
Dec 13 16:50:40 schang kernel: ACPI: thermal: Thermal Zone [TZ00] (53 C)
Dec 13 16:50:40 schang kernel: Serial: 8250/16550 driver, 32 ports, IRQ sharing enabled
Dec 13 16:50:40 schang kernel: Linux agpgart interface v0.103
Dec 13 16:50:40 schang kernel: ACPI: battery: Slot [BAT1] (battery present)
Dec 13 16:50:40 schang kernel: tpm_tis NTC0702:00: 2.0 TPM (device-id 0xFC, rev-id 1)
Dec 13 16:50:40 schang kernel: tpm tpm0: tpm_read_log_acpi: Failed to map ACPI memory
Dec 13 16:50:40 schang kernel: loop: module loaded
Dec 13 16:50:40 schang kernel: ACPI: bus type drm_connector registered
Dec 13 16:50:40 schang kernel: tun: Universal TUN/TAP device driver, 1.6
Dec 13 16:50:40 schang kernel: PPP generic driver version 2.4.2
Dec 13 16:50:40 schang kernel: i8042: PNP: PS/2 Controller [PNP0303:PS2K,PNP0f03:PS2M] at 0x60,0x64 irq 1,12
Dec 13 16:50:40 schang kernel: i8042: Warning: Keylock active
Dec 13 16:50:40 schang kernel: serio: i8042 KBD port at 0x60,0x64 irq 1
Dec 13 16:50:40 schang kernel: serio: i8042 AUX port at 0x60,0x64 irq 12
Dec 13 16:50:40 schang kernel: mousedev: PS/2 mouse device common for all mice
Dec 13 16:50:40 schang kernel: rtc_cmos rtc_cmos: RTC can wake from S4
Dec 13 16:50:40 schang kernel: rtc_cmos rtc_cmos: registered as rtc0
Dec 13 16:50:40 schang kernel: rtc_cmos rtc_cmos: setting system clock to 2024-12-14T00:50:39 UTC (1734137439)
Dec 13 16:50:40 schang kernel: rtc_cmos rtc_cmos: alarms up to one month, y3k, 114 bytes nvram
Dec 13 16:50:40 schang kernel: i2c_dev: i2c /dev entries driver
Dec 13 16:50:40 schang kernel: input: AT Translated Set 2 keyboard as /devices/platform/i8042/serio0/input/input2
Dec 13 16:50:40 schang kernel: device-mapper: core: CONFIG_IMA_DISABLE_HTABLE is disabled. Duplicate IMA measurements will not be recorded in the IMA log.
Dec 13 16:50:40 schang kernel: device-mapper: uevent: version 1.0.3
Dec 13 16:50:40 schang kernel: device-mapper: ioctl: 4.48.0-ioctl (2023-03-01) initialised: dm-devel@redhat.com
Dec 13 16:50:40 schang kernel: platform eisa.0: Probing EISA bus 0
Dec 13 16:50:40 schang kernel: platform eisa.0: EISA: Cannot allocate resource for mainboard
Dec 13 16:50:40 schang kernel: platform eisa.0: Cannot allocate resource for EISA slot 1
Dec 13 16:50:40 schang kernel: platform eisa.0: Cannot allocate resource for EISA slot 2
Dec 13 16:50:40 schang kernel: platform eisa.0: Cannot allocate resource for EISA slot 3
Dec 13 16:50:40 schang kernel: platform eisa.0: Cannot allocate resource for EISA slot 4
Dec 13 16:50:40 schang kernel: platform eisa.0: Cannot allocate resource for EISA slot 5
Dec 13 16:50:40 schang kernel: platform eisa.0: Cannot allocate resource for EISA slot 6
Dec 13 16:50:40 schang kernel: platform eisa.0: Cannot allocate resource for EISA slot 7
Dec 13 16:50:40 schang kernel: platform eisa.0: Cannot allocate resource for EISA slot 8
Dec 13 16:50:40 schang kernel: platform eisa.0: EISA: Detected 0 cards
Dec 13 16:50:40 schang kernel: intel_pstate: Intel P-state driver initializing
Dec 13 16:50:40 schang kernel: intel_pstate: HWP enabled
Dec 13 16:50:40 schang kernel: ledtrig-cpu: registered to indicate activity on CPUs
Dec 13 16:50:40 schang kernel: [drm] Initialized simpledrm 1.0.0 20200625 for simple-framebuffer.0 on minor 0
Dec 13 16:50:40 schang kernel: fbcon: Deferring console take-over
Dec 13 16:50:40 schang kernel: simple-framebuffer simple-framebuffer.0: [drm] fb0: simpledrmdrmfb frame buffer device
Dec 13 16:50:40 schang kernel: drop_monitor: Initializing network drop monitor service
Dec 13 16:50:40 schang kernel: NET: Registered PF_INET6 protocol family
Dec 13 16:50:40 schang kernel: Freeing initrd memory: 70320K
Dec 13 16:50:40 schang kernel: Segment Routing with IPv6
Dec 13 16:50:40 schang kernel: In-situ OAM (IOAM) with IPv6
Dec 13 16:50:40 schang kernel: NET: Registered PF_PACKET protocol family
Dec 13 16:50:40 schang kernel: Key type dns_resolver registered
Dec 13 16:50:40 schang kernel: ENERGY_PERF_BIAS: Set to 'normal', was 'performance'
Dec 13 16:50:40 schang kernel: microcode: Current revision: 0x000000b8
Dec 13 16:50:40 schang kernel: microcode: Updated early from: 0x000000b6
Dec 13 16:50:40 schang kernel: resctrl: L2 allocation detected
Dec 13 16:50:40 schang kernel: IPI shorthand broadcast: enabled
Dec 13 16:50:40 schang kernel: sched_clock: Marking stable (1129000810, 20952958)->(1182436238, -32482470)
Dec 13 16:50:40 schang kernel: registered taskstats version 1
Dec 13 16:50:40 schang kernel: Loading compiled-in X.509 certificates
Dec 13 16:50:40 schang kernel: Loaded X.509 cert 'Build time autogenerated kernel key: 980a6e2497136d3c3006f05ac599b4e6d94c4fe6'
Dec 13 16:50:40 schang kernel: Loaded X.509 cert 'Canonical Ltd. Live Patch Signing: 14df34d1a87cf37625abec039ef2bf521249b969'
Dec 13 16:50:40 schang kernel: Loaded X.509 cert 'Canonical Ltd. Kernel Module Signing: 88f752e560a1e0737e31163a466ad7b70a850c19'
Dec 13 16:50:40 schang kernel: blacklist: Loading compiled-in revocation X.509 certificates
Dec 13 16:50:40 schang kernel: Loaded X.509 cert 'Canonical Ltd. Secure Boot Signing: 61482aa2830d0ab2ad5af10b7250da9033ddcef0'
Dec 13 16:50:40 schang kernel: Loaded X.509 cert 'Canonical Ltd. Secure Boot Signing (2017): 242ade75ac4a15e50d50c84b0d45ff3eae707a03'
Dec 13 16:50:40 schang kernel: Loaded X.509 cert 'Canonical Ltd. Secure Boot Signing (ESM 2018): 365188c1d374d6b07c3c8f240f8ef722433d6a8b'
Dec 13 16:50:40 schang kernel: Loaded X.509 cert 'Canonical Ltd. Secure Boot Signing (2019): c0746fd6c5da3ae827864651ad66ae47fe24b3e8'
Dec 13 16:50:40 schang kernel: Loaded X.509 cert 'Canonical Ltd. Secure Boot Signing (2021 v1): a8d54bbb3825cfb94fa13c9f8a594a195c107b8d'
Dec 13 16:50:40 schang kernel: Loaded X.509 cert 'Canonical Ltd. Secure Boot Signing (2021 v2): 4cf046892d6fd3c9a5b03f98d845f90851dc6a8c'
Dec 13 16:50:40 schang kernel: Loaded X.509 cert 'Canonical Ltd. Secure Boot Signing (2021 v3): 100437bb6de6e469b581e61cd66bce3ef4ed53af'
Dec 13 16:50:40 schang kernel: Loaded X.509 cert 'Canonical Ltd. Secure Boot Signing (Ubuntu Core 2019): c1d57b8f6b743f23ee41f4f7ee292f06eecadfb9'
Dec 13 16:50:40 schang kernel: Key type .fscrypt registered
Dec 13 16:50:40 schang kernel: Key type fscrypt-provisioning registered
Dec 13 16:50:40 schang kernel: Key type trusted registered
Dec 13 16:50:40 schang kernel: Key type encrypted registered
Dec 13 16:50:40 schang kernel: AppArmor: AppArmor sha256 policy hashing enabled
Dec 13 16:50:40 schang kernel: integrity: Loading X.509 certificate: UEFI:db
Dec 13 16:50:40 schang kernel: integrity: Loaded X.509 cert 'Microsoft Windows Production PCA 2011: a92902398e16c49778cd90f99e4f9ae17c55af53'
Dec 13 16:50:40 schang kernel: integrity: Loading X.509 certificate: UEFI:db
Dec 13 16:50:40 schang kernel: integrity: Loaded X.509 cert 'Microsoft Corporation UEFI CA 2011: 13adbf4309bd82709c8cd54f316ed522988a1bd4'
Dec 13 16:50:40 schang kernel: integrity: Loading X.509 certificate: UEFI:db
Dec 13 16:50:40 schang kernel: integrity: Loaded X.509 cert 'frame.work-LaptopDB: 02'
Dec 13 16:50:40 schang kernel: Loading compiled-in module X.509 certificates
Dec 13 16:50:40 schang kernel: Loaded X.509 cert 'Build time autogenerated kernel key: 980a6e2497136d3c3006f05ac599b4e6d94c4fe6'
Dec 13 16:50:40 schang kernel: ima: Allocated hash algorithm: sha256
Dec 13 16:50:40 schang kernel: ima: No architecture policies found
Dec 13 16:50:40 schang kernel: evm: Initialising EVM extended attributes:
Dec 13 16:50:40 schang kernel: evm: security.selinux
Dec 13 16:50:40 schang kernel: evm: security.SMACK64
Dec 13 16:50:40 schang kernel: evm: security.SMACK64EXEC
Dec 13 16:50:40 schang kernel: evm: security.SMACK64TRANSMUTE
Dec 13 16:50:40 schang kernel: evm: security.SMACK64MMAP
Dec 13 16:50:40 schang kernel: evm: security.apparmor
Dec 13 16:50:40 schang kernel: evm: security.ima
Dec 13 16:50:40 schang kernel: evm: security.capability
Dec 13 16:50:40 schang kernel: evm: HMAC attrs: 0x1
Dec 13 16:50:40 schang kernel: PM:   Magic number: 4:872:809
Dec 13 16:50:40 schang kernel: RAS: Correctable Errors collector initialized.
Dec 13 16:50:40 schang kernel: clk: Disabling unused clocks
Dec 13 16:50:40 schang kernel: Freeing unused decrypted memory: 2028K
Dec 13 16:50:40 schang kernel: Freeing unused kernel image (initmem) memory: 4972K
Dec 13 16:50:40 schang kernel: Write protecting the kernel read-only data: 36864k
Dec 13 16:50:40 schang kernel: Freeing unused kernel image (rodata/data gap) memory: 436K
Dec 13 16:50:40 schang kernel: x86/mm: Checked W+X mappings: passed, no W+X pages found.
Dec 13 16:50:40 schang kernel: Run /init as init process
Dec 13 16:50:40 schang kernel:   with arguments:
Dec 13 16:50:40 schang kernel:     /init
Dec 13 16:50:40 schang kernel:     splash
Dec 13 16:50:40 schang kernel:   with environment:
Dec 13 16:50:40 schang kernel:     HOME=/
Dec 13 16:50:40 schang kernel:     TERM=linux
Dec 13 16:50:40 schang kernel:     BOOT_IMAGE=/boot/vmlinuz-6.8.0-49-generic
Dec 13 16:50:40 schang kernel: hid: raw HID events driver (C) Jiri Kosina
Dec 13 16:50:40 schang kernel: ACPI: bus type thunderbolt registered
Dec 13 16:50:40 schang kernel: xhci_hcd 0000:00:0d.0: xHCI Host Controller
Dec 13 16:50:40 schang kernel: xhci_hcd 0000:00:0d.0: new USB bus registered, assigned bus number 1
Dec 13 16:50:40 schang kernel: intel-lpss 0000:00:15.0: enabling device (0004 -> 0006)
Dec 13 16:50:40 schang kernel: idma64 idma64.0: Found Intel integrated DMA 64-bit
Dec 13 16:50:40 schang kernel: xhci_hcd 0000:00:0d.0: hcc params 0x20007fc1 hci version 0x120 quirks 0x0000000200009810
Dec 13 16:50:40 schang kernel: nvme 0000:01:00.0: platform quirk: setting simple suspend
Dec 13 16:50:40 schang kernel: i801_smbus 0000:00:1f.4: SPD Write Disable is set
Dec 13 16:50:40 schang kernel: nvme nvme0: pci function 0000:01:00.0
Dec 13 16:50:40 schang kernel: i801_smbus 0000:00:1f.4: SMBus using PCI interrupt
Dec 13 16:50:40 schang kernel: xhci_hcd 0000:00:0d.0: xHCI Host Controller
Dec 13 16:50:40 schang kernel: xhci_hcd 0000:00:0d.0: new USB bus registered, assigned bus number 2
Dec 13 16:50:40 schang kernel: xhci_hcd 0000:00:0d.0: Host supports USB 3.1 Enhanced SuperSpeed
Dec 13 16:50:40 schang kernel: usb usb1: New USB device found, idVendor=1d6b, idProduct=0002, bcdDevice= 6.08
Dec 13 16:50:40 schang kernel: usb usb1: New USB device strings: Mfr=3, Product=2, SerialNumber=1
Dec 13 16:50:40 schang kernel: usb usb1: Product: xHCI Host Controller
Dec 13 16:50:40 schang kernel: usb usb1: Manufacturer: Linux 6.8.0-49-generic xhci-hcd
Dec 13 16:50:40 schang kernel: usb usb1: SerialNumber: 0000:00:0d.0
Dec 13 16:50:40 schang kernel: hub 1-0:1.0: USB hub found
Dec 13 16:50:40 schang kernel: hub 1-0:1.0: 1 port detected
Dec 13 16:50:40 schang kernel: usb usb2: New USB device found, idVendor=1d6b, idProduct=0003, bcdDevice= 6.08
Dec 13 16:50:40 schang kernel: usb usb2: New USB device strings: Mfr=3, Product=2, SerialNumber=1
Dec 13 16:50:40 schang kernel: usb usb2: Product: xHCI Host Controller
Dec 13 16:50:40 schang kernel: usb usb2: Manufacturer: Linux 6.8.0-49-generic xhci-hcd
Dec 13 16:50:40 schang kernel: usb usb2: SerialNumber: 0000:00:0d.0
Dec 13 16:50:40 schang kernel: hub 2-0:1.0: USB hub found
Dec 13 16:50:40 schang kernel: hub 2-0:1.0: 4 ports detected
Dec 13 16:50:40 schang kernel: xhci_hcd 0000:00:14.0: xHCI Host Controller
Dec 13 16:50:40 schang kernel: xhci_hcd 0000:00:14.0: new USB bus registered, assigned bus number 3
Dec 13 16:50:40 schang kernel: nvme nvme0: 8/0/0 default/read/poll queues
Dec 13 16:50:40 schang kernel: xhci_hcd 0000:00:14.0: hcc params 0x20007fc1 hci version 0x120 quirks 0x0000000200009810
Dec 13 16:50:40 schang kernel: xhci_hcd 0000:00:14.0: xHCI Host Controller
Dec 13 16:50:40 schang kernel: xhci_hcd 0000:00:14.0: new USB bus registered, assigned bus number 4
Dec 13 16:50:40 schang kernel: xhci_hcd 0000:00:14.0: Host supports USB 3.1 Enhanced SuperSpeed
Dec 13 16:50:41 schang kernel: usb usb3: New USB device found, idVendor=1d6b, idProduct=0002, bcdDevice= 6.08
Dec 13 16:50:41 schang kernel: usb usb3: New USB device strings: Mfr=3, Product=2, SerialNumber=1
Dec 13 16:50:41 schang kernel: usb usb3: Product: xHCI Host Controller
Dec 13 16:50:41 schang kernel: usb usb3: Manufacturer: Linux 6.8.0-49-generic xhci-hcd
Dec 13 16:50:41 schang kernel: usb usb3: SerialNumber: 0000:00:14.0
Dec 13 16:50:41 schang kernel: hub 3-0:1.0: USB hub found
Dec 13 16:50:41 schang kernel: hub 3-0:1.0: 12 ports detected
Dec 13 16:50:41 schang kernel: i2c i2c-0: 1/2 memory slots populated (from DMI)
Dec 13 16:50:41 schang kernel:  nvme0n1: p1 p2
Dec 13 16:50:41 schang kernel: usb usb4: New USB device found, idVendor=1d6b, idProduct=0003, bcdDevice= 6.08
Dec 13 16:50:41 schang kernel: usb usb4: New USB device strings: Mfr=3, Product=2, SerialNumber=1
Dec 13 16:50:41 schang kernel: usb usb4: Product: xHCI Host Controller
Dec 13 16:50:41 schang kernel: usb usb4: Manufacturer: Linux 6.8.0-49-generic xhci-hcd
Dec 13 16:50:41 schang kernel: usb usb4: SerialNumber: 0000:00:14.0
Dec 13 16:50:41 schang kernel: hub 4-0:1.0: USB hub found
Dec 13 16:50:41 schang kernel: hub 4-0:1.0: 4 ports detected
Dec 13 16:50:41 schang kernel: cros_ec_lpcs cros_ec_lpcs.0: Chrome EC device registered
Dec 13 16:50:41 schang kernel: intel-lpss 0000:00:15.1: enabling device (0004 -> 0006)
Dec 13 16:50:41 schang kernel: idma64 idma64.1: Found Intel integrated DMA 64-bit
Dec 13 16:50:41 schang kernel: intel-lpss 0000:00:15.3: enabling device (0004 -> 0006)
Dec 13 16:50:41 schang kernel: idma64 idma64.2: Found Intel integrated DMA 64-bit
Dec 13 16:50:41 schang kernel: input: FRMW0001:00 32AC:0006 Wireless Radio Control as /devices/pci0000:00/0000:00:15.1/i2c_designware.1/i2c-2/i2c-FRMW0001:00/0018:32AC:0006.0001/input/input5
Dec 13 16:50:41 schang kernel: input: FRMW0001:00 32AC:0006 Consumer Control as /devices/pci0000:00/0000:00:15.1/i2c_designware.1/i2c-2/i2c-FRMW0001:00/0018:32AC:0006.0001/input/input6
Dec 13 16:50:41 schang kernel: hid-generic 0018:32AC:0006.0001: input,hidraw0: I2C HID v1.00 Device [FRMW0001:00 32AC:0006] on i2c-FRMW0001:00
Dec 13 16:50:41 schang kernel: input: PIXA3854:00 093A:0274 Mouse as /devices/pci0000:00/0000:00:15.3/i2c_designware.2/i2c-3/i2c-PIXA3854:00/0018:093A:0274.0002/input/input7
Dec 13 16:50:41 schang kernel: input: PIXA3854:00 093A:0274 Touchpad as /devices/pci0000:00/0000:00:15.3/i2c_designware.2/i2c-3/i2c-PIXA3854:00/0018:093A:0274.0002/input/input8
Dec 13 16:50:41 schang kernel: hid-generic 0018:093A:0274.0002: input,hidraw1: I2C HID v1.00 Mouse [PIXA3854:00 093A:0274] on i2c-PIXA3854:00
Dec 13 16:50:41 schang kernel: usb 3-1: new full-speed USB device number 2 using xhci_hcd
Dec 13 16:50:41 schang kernel: ish-hid {33AECD58-B679-4E54-9BD9-A04D34F0C226}: [hid-ish]: enum_devices_done OK, num_hid_devices=1
Dec 13 16:50:41 schang kernel: hid-generic 001F:8087:0AC2.0003: hidraw2: SENSOR HUB HID v2.00 Device [hid-ishtp 8087:0AC2] on 
Dec 13 16:50:41 schang kernel: hid-sensor-hub 001F:8087:0AC2.0003: hidraw2: SENSOR HUB HID v2.00 Device [hid-ishtp 8087:0AC2] on 
Dec 13 16:50:41 schang kernel: usb 3-1: New USB device found, idVendor=1050, idProduct=0407, bcdDevice= 5.43
Dec 13 16:50:41 schang kernel: usb 3-1: New USB device strings: Mfr=1, Product=2, SerialNumber=0
Dec 13 16:50:41 schang kernel: usb 3-1: Product: YubiKey OTP+FIDO+CCID
Dec 13 16:50:41 schang kernel: usb 3-1: Manufacturer: Yubico
Dec 13 16:50:41 schang kernel: fbcon: Taking over console
Dec 13 16:50:41 schang kernel: EXT4-fs (nvme0n1p2): mounted filesystem b7db8ae5-6d65-4733-995b-577ad1712f58 ro with ordered data mode. Quota mode: none.
Dec 13 16:50:41 schang kernel: Console: switching to colour frame buffer device 141x47
Dec 13 16:50:41 schang systemd[1]: Inserted module 'autofs4'
Dec 13 16:50:41 schang systemd[1]: systemd 249.11-0ubuntu3.12 running in system mode (+PAM +AUDIT +SELINUX +APPARMOR +IMA +SMACK +SECCOMP +GCRYPT +GNUTLS +OPENSSL +ACL +BLKID +CURL +ELFUTILS +FIDO2 +IDN2 -IDN +IPTC +KMOD +LIBCRYPTSETUP +LIBFDISK +PCRE2 -PWQUALITY -P11KIT -QRENCODE +BZIP2 +LZ4 +XZ +ZLIB +ZSTD -XKBCOMMON +UTMP +SYSVINIT default-hierarchy=unified)
Dec 13 16:50:41 schang systemd[1]: Detected architecture x86-64.
Dec 13 16:50:41 schang systemd[1]: Hostname set to <schang>.
Dec 13 16:50:41 schang kernel: block nvme0n1: the capability attribute has been deprecated.
Dec 13 16:50:41 schang kernel: usb 3-4: new full-speed USB device number 3 using xhci_hcd
Dec 13 16:50:41 schang systemd[1]: Configuration file /run/systemd/system/netplan-ovs-cleanup.service is marked world-inaccessible. This has no effect as configuration data is accessible via APIs without restrictions. Proceeding anyway.
Dec 13 16:50:41 schang systemd[1]: /lib/systemd/system/snapd.service:23: Unknown key name 'RestartMode' in section 'Service', ignoring.
Dec 13 16:50:41 schang systemd[1]: Queued start job for default target Graphical Interface.
Dec 13 16:50:41 schang systemd[1]: Created slice Slice /system/modprobe.
Dec 13 16:50:41 schang systemd[1]: Created slice Slice /system/systemd-fsck.
Dec 13 16:50:41 schang systemd[1]: Created slice User and Session Slice.
Dec 13 16:50:41 schang systemd[1]: Started Forward Password Requests to Wall Directory Watch.
Dec 13 16:50:41 schang systemd[1]: Set up automount Arbitrary Executable File Formats File System Automount Point.
Dec 13 16:50:41 schang systemd[1]: Reached target User and Group Name Lookups.
Dec 13 16:50:41 schang systemd[1]: Reached target Remote File Systems.
Dec 13 16:50:41 schang systemd[1]: Reached target Slice Units.
Dec 13 16:50:41 schang systemd[1]: Reached target Mounting snaps.
Dec 13 16:50:41 schang systemd[1]: Reached target Local Verity Protected Volumes.
Dec 13 16:50:41 schang systemd[1]: Listening on Syslog Socket.
Dec 13 16:50:41 schang systemd[1]: Listening on fsck to fsckd communication Socket.
Dec 13 16:50:41 schang systemd[1]: Listening on initctl Compatibility Named Pipe.
Dec 13 16:50:41 schang systemd[1]: Listening on Journal Audit Socket.
Dec 13 16:50:41 schang systemd[1]: Listening on Journal Socket (/dev/log).
Dec 13 16:50:41 schang systemd[1]: Listening on Journal Socket.
Dec 13 16:50:41 schang systemd[1]: Listening on udev Control Socket.
Dec 13 16:50:41 schang systemd[1]: Listening on udev Kernel Socket.
Dec 13 16:50:41 schang systemd[1]: Mounting Huge Pages File System...
Dec 13 16:50:41 schang systemd[1]: Mounting POSIX Message Queue File System...
Dec 13 16:50:41 schang systemd[1]: Mounting Kernel Debug File System...
Dec 13 16:50:41 schang systemd[1]: Mounting Kernel Trace File System...
Dec 13 16:50:41 schang systemd[1]: Starting Journal Service...
Dec 13 16:50:41 schang systemd[1]: Starting Set the console keyboard layout...
Dec 13 16:50:41 schang systemd[1]: Starting Create List of Static Device Nodes...
Dec 13 16:50:41 schang systemd[1]: Starting Load Kernel Module configfs...
Dec 13 16:50:41 schang systemd[1]: Starting Load Kernel Module drm...
Dec 13 16:50:41 schang systemd[1]: Starting Load Kernel Module efi_pstore...
Dec 13 16:50:41 schang systemd[1]: Starting Load Kernel Module fuse...
Dec 13 16:50:41 schang systemd[1]: Condition check resulted in File System Check on Root Device being skipped.
Dec 13 16:50:41 schang systemd[1]: Starting Load Kernel Modules...
Dec 13 16:50:41 schang kernel: pstore: Using crash dump compression: deflate
Dec 13 16:50:41 schang systemd[1]: Starting Remount Root and Kernel File Systems...
Dec 13 16:50:41 schang systemd[1]: Starting Coldplug All udev Devices...
Dec 13 16:50:41 schang systemd[1]: Mounted Huge Pages File System.
Dec 13 16:50:41 schang systemd[1]: Mounted POSIX Message Queue File System.
Dec 13 16:50:41 schang systemd[1]: Mounted Kernel Debug File System.
Dec 13 16:50:41 schang systemd[1]: Mounted Kernel Trace File System.
Dec 13 16:50:41 schang systemd[1]: Finished Create List of Static Device Nodes.
Dec 13 16:50:41 schang systemd[1]: modprobe@configfs.service: Deactivated successfully.
Dec 13 16:50:41 schang systemd[1]: Finished Load Kernel Module configfs.
Dec 13 16:50:41 schang systemd[1]: modprobe@drm.service: Deactivated successfully.
Dec 13 16:50:41 schang systemd[1]: Finished Load Kernel Module drm.
Dec 13 16:50:41 schang systemd[1]: modprobe@fuse.service: Deactivated successfully.
Dec 13 16:50:41 schang systemd[1]: Finished Load Kernel Module fuse.
Dec 13 16:50:41 schang systemd[1]: Mounting FUSE Control File System...
Dec 13 16:50:41 schang systemd[1]: Mounting Kernel Configuration File System...
Dec 13 16:50:41 schang systemd[1]: Mounted FUSE Control File System.
Dec 13 16:50:41 schang systemd[1]: Mounted Kernel Configuration File System.
Dec 13 16:50:41 schang kernel: lp: driver loaded but no devices found
Dec 13 16:50:41 schang kernel: ppdev: user-space parallel port driver
Dec 13 16:50:41 schang kernel: EXT4-fs (nvme0n1p2): re-mounted b7db8ae5-6d65-4733-995b-577ad1712f58 r/w. Quota mode: none.
Dec 13 16:50:41 schang systemd[1]: Finished Remount Root and Kernel File Systems.
Dec 13 16:50:41 schang systemd[1]: Activating swap /swapfile...
Dec 13 16:50:41 schang kernel: pstore: Registered efi_pstore as persistent store backend
Dec 13 16:50:41 schang systemd[1]: Starting Load/Save Random Seed...
Dec 13 16:50:41 schang systemd[1]: Starting Create System Users...
Dec 13 16:50:41 schang systemd[1]: modprobe@efi_pstore.service: Deactivated successfully.
Dec 13 16:50:41 schang systemd[1]: Finished Load Kernel Module efi_pstore.
Dec 13 16:50:41 schang systemd[1]: Condition check resulted in Platform Persistent Storage Archival being skipped.
Dec 13 16:50:41 schang kernel: Adding 2097148k swap on /swapfile.  Priority:-2 extents:16 across:352452608k SS
Dec 13 16:50:41 schang systemd[1]: Activated swap /swapfile.
Dec 13 16:50:41 schang systemd[1]: Reached target Swaps.
Dec 13 16:50:41 schang systemd[1]: Finished Load/Save Random Seed.
Dec 13 16:50:41 schang systemd[1]: Condition check resulted in First Boot Complete being skipped.
Dec 13 16:50:41 schang systemd[1]: Finished Load Kernel Modules.
Dec 13 16:50:41 schang systemd[1]: Starting Apply Kernel Variables...
Dec 13 16:50:41 schang systemd[1]: Finished Create System Users.
Dec 13 16:50:41 schang systemd[1]: Starting Create Static Device Nodes in /dev...
Dec 13 16:50:41 schang systemd[1]: Finished Set the console keyboard layout.
Dec 13 16:50:41 schang systemd[1]: Finished Apply Kernel Variables.
Dec 13 16:50:41 schang systemd[1]: Finished Create Static Device Nodes in /dev.
Dec 13 16:50:41 schang systemd[1]: Reached target Preparation for Local File Systems.
Dec 13 16:50:41 schang systemd[1]: Mounting Prepare /run/qemu to allow still running qemu binaries of former builds (after package upgrades) to fallback-load modules from there...
Dec 13 16:50:41 schang systemd[1]: Mounting Mount unit for bare, revision 5...
Dec 13 16:50:41 schang systemd[1]: Mounting Mount unit for bitwarden, revision 126...
Dec 13 16:50:41 schang kernel: loop0: detected capacity change from 0 to 8
Dec 13 16:50:41 schang systemd[1]: Mounting Mount unit for bitwarden, revision 127...
Dec 13 16:50:41 schang kernel: loop1: detected capacity change from 0 to 203232
Dec 13 16:50:41 schang systemd[1]: Mounting Mount unit for blender, revision 5562...
Dec 13 16:50:41 schang kernel: loop2: detected capacity change from 0 to 203448
Dec 13 16:50:41 schang systemd[1]: Mounting Mount unit for blender, revision 5647...
Dec 13 16:50:41 schang kernel: loop3: detected capacity change from 0 to 821992
Dec 13 16:50:41 schang systemd[1]: Mounting Mount unit for bw, revision 74...
Dec 13 16:50:41 schang kernel: loop4: detected capacity change from 0 to 823840
Dec 13 16:50:41 schang systemd[1]: Mounting Mount unit for bw, revision 75...
Dec 13 16:50:41 schang systemd[1]: Mounting Mount unit for code, revision 174...
Dec 13 16:50:41 schang kernel: loop5: detected capacity change from 0 to 60240
Dec 13 16:50:41 schang kernel: loop6: detected capacity change from 0 to 59920
Dec 13 16:50:41 schang systemd[1]: Mounting Mount unit for code, revision 176...
Dec 13 16:50:41 schang kernel: loop7: detected capacity change from 0 to 648120
Dec 13 16:50:41 schang systemd[1]: Mounting Mount unit for core, revision 16928...
Dec 13 16:50:41 schang kernel: loop8: detected capacity change from 0 to 648120
Dec 13 16:50:41 schang systemd[1]: Mounting Mount unit for core, revision 17200...
Dec 13 16:50:41 schang kernel: loop9: detected capacity change from 0 to 212976
Dec 13 16:50:41 schang systemd[1]: Mounting Mount unit for core18, revision 2829...
Dec 13 16:50:41 schang kernel: loop10: detected capacity change from 0 to 213384
Dec 13 16:50:41 schang systemd[1]: Mounting Mount unit for core18, revision 2846...
Dec 13 16:50:41 schang systemd[1]: Mounting Mount unit for core20, revision 2379...
Dec 13 16:50:41 schang kernel: loop11: detected capacity change from 0 to 113992
Dec 13 16:50:41 schang systemd[1]: Mounting Mount unit for core20, revision 2434...
Dec 13 16:50:41 schang kernel: loop12: detected capacity change from 0 to 113384
Dec 13 16:50:41 schang kernel: loop13: detected capacity change from 0 to 131016
Dec 13 16:50:41 schang systemd[1]: Mounting Mount unit for core22, revision 1663...
Dec 13 16:50:41 schang kernel: loop14: detected capacity change from 0 to 130448
Dec 13 16:50:41 schang systemd[1]: Mounting Mount unit for core22, revision 1722...
Dec 13 16:50:41 schang systemd[1]: Mounting Mount unit for core24, revision 490...
Dec 13 16:50:41 schang kernel: loop15: detected capacity change from 0 to 151296
Dec 13 16:50:41 schang kernel: loop16: detected capacity change from 0 to 151288
Dec 13 16:50:41 schang systemd[1]: Mounting Mount unit for core24, revision 609...
Dec 13 16:50:41 schang kernel: loop17: detected capacity change from 0 to 135512
Dec 13 16:50:41 schang systemd[1]: Mounting Mount unit for discord, revision 217...
Dec 13 16:50:41 schang kernel: loop18: detected capacity change from 0 to 135512
Dec 13 16:50:41 schang systemd[1]: Mounting Mount unit for discord, revision 218...
Dec 13 16:50:41 schang systemd[1]: Mounting Mount unit for firefox, revision 5187...
Dec 13 16:50:41 schang kernel: loop19: detected capacity change from 0 to 226360
Dec 13 16:50:41 schang systemd[1]: Mounting Mount unit for firefox, revision 5361...
Dec 13 16:50:41 schang kernel: loop20: detected capacity change from 0 to 226360
Dec 13 16:50:41 schang systemd[1]: Mounting Mount unit for gnome-3-28-1804, revision 194...
Dec 13 16:50:41 schang kernel: loop21: detected capacity change from 0 to 560320
Dec 13 16:50:41 schang kernel: loop22: detected capacity change from 0 to 561248
Dec 13 16:50:41 schang systemd[1]: Mounting Mount unit for gnome-3-28-1804, revision 198...
Dec 13 16:50:41 schang kernel: loop23: detected capacity change from 0 to 337560
Dec 13 16:50:41 schang systemd[1]: Mounting Mount unit for gnome-3-34-1804, revision 90...
Dec 13 16:50:41 schang kernel: loop24: detected capacity change from 0 to 337560
Dec 13 16:50:41 schang systemd[1]: Mounting Mount unit for gnome-3-34-1804, revision 93...
Dec 13 16:50:41 schang kernel: loop25: detected capacity change from 0 to 447264
Dec 13 16:50:41 schang systemd[1]: Mounting Mount unit for gnome-3-38-2004, revision 140...
Dec 13 16:50:41 schang kernel: loop26: detected capacity change from 0 to 447264
Dec 13 16:50:41 schang systemd[1]: Mounting Mount unit for gnome-3-38-2004, revision 143...
Dec 13 16:50:41 schang kernel: loop27: detected capacity change from 0 to 716168
Dec 13 16:50:41 schang systemd[1]: Mounting Mount unit for gnome-42-2204, revision 172...
Dec 13 16:50:41 schang systemd[1]: Mounting Mount unit for gnome-42-2204, revision 176...
Dec 13 16:50:41 schang kernel: loop28: detected capacity change from 0 to 716176
Dec 13 16:50:41 schang kernel: loop29: detected capacity change from 0 to 1032504
Dec 13 16:50:41 schang systemd[1]: Mounting Mount unit for gnome-46-2404, revision 42...
Dec 13 16:50:41 schang kernel: loop30: detected capacity change from 0 to 1034424
Dec 13 16:50:41 schang systemd[1]: Mounting Mount unit for gnome-46-2404, revision 48...
Dec 13 16:50:41 schang systemd[1]: Mounting Mount unit for gtk-common-themes, revision 1535...
Dec 13 16:50:41 schang kernel: loop31: detected capacity change from 0 to 824040
Dec 13 16:50:41 schang kernel: loop32: detected capacity change from 0 to 832024
Dec 13 16:50:41 schang systemd[1]: Mounting Mount unit for kde-frameworks-5-98-qt-5-15-6-core20, revision 9...
Dec 13 16:50:41 schang kernel: loop33: detected capacity change from 0 to 187776
Dec 13 16:50:41 schang systemd[1]: Mounting Mount unit for kde-frameworks-5-99-qt-5-15-7-core20, revision 15...
Dec 13 16:50:41 schang kernel: loop34: detected capacity change from 0 to 895472
Dec 13 16:50:41 schang systemd[1]: Mounting Mount unit for kde-frameworks-5-99-qt-5-15-7-core20, revision 7...
Dec 13 16:50:41 schang systemd[1]: Mounting Mount unit for kdenlive, revision 112...
Dec 13 16:50:41 schang kernel: loop35: detected capacity change from 0 to 895696
Dec 13 16:50:41 schang systemd[1]: Mounting Mount unit for kdenlive, revision 113...
Dec 13 16:50:41 schang kernel: loop36: detected capacity change from 0 to 895688
Dec 13 16:50:41 schang systemd[1]: Mounting Mount unit for kf5-5-105-qt-5-15-9-core22, revision 11...
Dec 13 16:50:41 schang kernel: loop37: detected capacity change from 0 to 232608
Dec 13 16:50:41 schang systemd[1]: Mounting Mount unit for kf5-5-105-qt-5-15-9-core22, revision 9...
Dec 13 16:50:41 schang kernel: loop38: detected capacity change from 0 to 232648
Dec 13 16:50:41 schang systemd[1]: Mounting Mount unit for kf5-5-106-qt-5-15-9-core22, revision 23...
Dec 13 16:50:41 schang kernel: loop39: detected capacity change from 0 to 919392
Dec 13 16:50:41 schang kernel: loop40: detected capacity change from 0 to 919168
Dec 13 16:50:41 schang systemd[1]: Mounting Mount unit for kf5-5-108-qt-5-15-10-core22, revision 5...
Dec 13 16:50:41 schang systemd[1]: Mounting Mount unit for kf5-5-110-qt-5-15-11-core22, revision 3...
Dec 13 16:50:41 schang kernel: loop41: detected capacity change from 0 to 919400
Dec 13 16:50:41 schang kernel: loop42: detected capacity change from 0 to 921912
Dec 13 16:50:41 schang systemd[1]: Mounting Mount unit for kf5-5-111-qt-5-15-11-core22, revision 7...
Dec 13 16:50:41 schang kernel: loop43: detected capacity change from 0 to 897608
Dec 13 16:50:41 schang systemd[1]: Mounting Mount unit for kf6-core22, revision 37...
Dec 13 16:50:41 schang systemd[1]: Mounting Mount unit for kf6-core22, revision 39...
Dec 13 16:50:41 schang kernel: loop44: detected capacity change from 0 to 907728
Dec 13 16:50:41 schang systemd[1]: Mounting Mount unit for mesa-2404, revision 143...
Dec 13 16:50:41 schang kernel: loop45: detected capacity change from 0 to 4280128
Dec 13 16:50:41 schang systemd[1]: Mounting Mount unit for mesa-2404, revision 44...
Dec 13 16:50:41 schang kernel: loop46: detected capacity change from 0 to 4280128
Dec 13 16:50:41 schang systemd[1]: Mounting Mount unit for obsidian, revision 39...
Dec 13 16:50:41 schang kernel: loop47: detected capacity change from 0 to 433128
Dec 13 16:50:41 schang systemd[1]: Mounting Mount unit for obsidian, revision 40...
Dec 13 16:50:41 schang kernel: loop48: detected capacity change from 0 to 460720
Dec 13 16:50:41 schang systemd[1]: Mounting Mount unit for postman, revision 248...
Dec 13 16:50:41 schang kernel: loop49: detected capacity change from 0 to 249248
Dec 13 16:50:41 schang systemd[1]: Mounting Mount unit for postman, revision 254...
Dec 13 16:50:41 schang kernel: loop50: detected capacity change from 0 to 249416
Dec 13 16:50:41 schang systemd[1]: Mounting Mount unit for runelite, revision 27...
Dec 13 16:50:41 schang kernel: loop51: detected capacity change from 0 to 354320
Dec 13 16:50:41 schang systemd[1]: Mounting Mount unit for runelite, revision 28...
Dec 13 16:50:41 schang kernel: loop52: detected capacity change from 0 to 354352
Dec 13 16:50:41 schang systemd[1]: Mounting Mount unit for slack, revision 175...
Dec 13 16:50:41 schang kernel: loop53: detected capacity change from 0 to 145240
Dec 13 16:50:41 schang systemd[1]: Mounting Mount unit for slack, revision 176...
Dec 13 16:50:41 schang kernel: loop54: detected capacity change from 0 to 145528
Dec 13 16:50:41 schang systemd[1]: Mounting Mount unit for snap-store, revision 1113...
Dec 13 16:50:41 schang kernel: loop55: detected capacity change from 0 to 249312
Dec 13 16:50:41 schang systemd[1]: Mounting Mount unit for snap-store, revision 1216...
Dec 13 16:50:41 schang kernel: loop56: detected capacity change from 0 to 249424
Dec 13 16:50:41 schang systemd[1]: Mounting Mount unit for snapd, revision 21759...
Dec 13 16:50:41 schang kernel: loop57: detected capacity change from 0 to 26472
Dec 13 16:50:41 schang systemd[1]: Mounting Mount unit for snapd, revision 23258...
Dec 13 16:50:41 schang kernel: loop58: detected capacity change from 0 to 24984
Dec 13 16:50:41 schang systemd[1]: Mounting Mount unit for snapd-desktop-integration, revision 178...
Dec 13 16:50:41 schang kernel: loop59: detected capacity change from 0 to 79520
Dec 13 16:50:41 schang systemd[1]: Mounting Mount unit for snapd-desktop-integration, revision 253...
Dec 13 16:50:41 schang kernel: loop60: detected capacity change from 0 to 90720
Dec 13 16:50:41 schang systemd[1]: Mounting Mount unit for spotify, revision 80...
Dec 13 16:50:41 schang kernel: loop61: detected capacity change from 0 to 1000
Dec 13 16:50:41 schang systemd[1]: Mounting Mount unit for spotify, revision 81...
Dec 13 16:50:41 schang kernel: loop62: detected capacity change from 0 to 1136
Dec 13 16:50:41 schang systemd[1]: Mounting Mount unit for vlc, revision 3721...
Dec 13 16:50:41 schang kernel: loop63: detected capacity change from 0 to 377880
Dec 13 16:50:41 schang systemd[1]: Mounting Mount unit for vlc, revision 3777...
Dec 13 16:50:41 schang kernel: loop64: detected capacity change from 0 to 378440
Dec 13 16:50:41 schang systemd[1]: Mounting Mount unit for firefox, revision 1943 via mount-control...
Dec 13 16:50:41 schang kernel: loop65: detected capacity change from 0 to 657576
Dec 13 16:50:41 schang systemd[1]: Starting Rule-based Manager for Device Events and Files...
Dec 13 16:50:41 schang kernel: loop66: detected capacity change from 0 to 657616
Dec 13 16:50:41 schang systemd[1]: Mounted Prepare /run/qemu to allow still running qemu binaries of former builds (after package upgrades) to fallback-load modules from there.
Dec 13 16:50:41 schang systemd[1]: Mounted Mount unit for bare, revision 5.
Dec 13 16:50:41 schang systemd[1]: Mounted Mount unit for bitwarden, revision 126.
Dec 13 16:50:41 schang systemd[1]: Mounted Mount unit for bitwarden, revision 127.
Dec 13 16:50:41 schang systemd[1]: Mounted Mount unit for blender, revision 5562.
Dec 13 16:50:41 schang systemd[1]: Mounted Mount unit for blender, revision 5647.
Dec 13 16:50:41 schang systemd[1]: Mounted Mount unit for bw, revision 74.
Dec 13 16:50:41 schang systemd[1]: Mounted Mount unit for bw, revision 75.
Dec 13 16:50:41 schang systemd[1]: Mounted Mount unit for code, revision 174.
Dec 13 16:50:41 schang systemd[1]: Mounted Mount unit for code, revision 176.
Dec 13 16:50:41 schang systemd[1]: Mounted Mount unit for core, revision 16928.
Dec 13 16:50:41 schang systemd[1]: Mounted Mount unit for core, revision 17200.
Dec 13 16:50:41 schang systemd[1]: Mounted Mount unit for core18, revision 2829.
Dec 13 16:50:41 schang systemd[1]: Mounted Mount unit for core18, revision 2846.
Dec 13 16:50:41 schang systemd[1]: Mounted Mount unit for core20, revision 2379.
Dec 13 16:50:41 schang systemd[1]: Mounted Mount unit for core20, revision 2434.
Dec 13 16:50:41 schang systemd[1]: Mounted Mount unit for core22, revision 1663.
Dec 13 16:50:41 schang systemd[1]: Mounted Mount unit for core22, revision 1722.
Dec 13 16:50:41 schang systemd[1]: Mounted Mount unit for core24, revision 490.
Dec 13 16:50:41 schang systemd[1]: Mounted Mount unit for core24, revision 609.
Dec 13 16:50:41 schang systemd[1]: Mounted Mount unit for discord, revision 217.
Dec 13 16:50:41 schang systemd[1]: Mounted Mount unit for discord, revision 218.
Dec 13 16:50:41 schang systemd[1]: Mounted Mount unit for firefox, revision 5187.
Dec 13 16:50:41 schang systemd[1]: Mounted Mount unit for firefox, revision 5361.
Dec 13 16:50:41 schang systemd[1]: Mounted Mount unit for gnome-3-28-1804, revision 194.
Dec 13 16:50:41 schang systemd[1]: Mounted Mount unit for gnome-3-28-1804, revision 198.
Dec 13 16:50:41 schang systemd[1]: Mounted Mount unit for gnome-3-34-1804, revision 90.
Dec 13 16:50:41 schang systemd[1]: Mounted Mount unit for gnome-3-34-1804, revision 93.
Dec 13 16:50:41 schang systemd[1]: Mounted Mount unit for gnome-3-38-2004, revision 140.
Dec 13 16:50:41 schang systemd[1]: Mounted Mount unit for gnome-3-38-2004, revision 143.
Dec 13 16:50:41 schang systemd[1]: Mounted Mount unit for gnome-42-2204, revision 172.
Dec 13 16:50:41 schang systemd[1]: Mounted Mount unit for gnome-42-2204, revision 176.
Dec 13 16:50:41 schang systemd[1]: Mounted Mount unit for gnome-46-2404, revision 42.
Dec 13 16:50:41 schang systemd[1]: Mounted Mount unit for gnome-46-2404, revision 48.
Dec 13 16:50:41 schang systemd[1]: Mounted Mount unit for gtk-common-themes, revision 1535.
